<?xml version="1.0" encoding="utf-8"?>
<TestRun id="3c3d8b51-8275-4bb9-9cce-30081ef52cec" name="@EMF-Dev-VM 2026-09-30 09:33:30" xmlns="http://microsoft.com/schemas/VisualStudio/TeamTest/2010">
  <Times creation="2026-09-30T09:33:30.5707210+00:00" queuing="2026-09-30T09:33:30.5707210+00:00" start="2026-09-30T09:33:26.7679065+00:00" finish="2026-09-30T09:34:35.1654078+00:00" />
  <TestSettings name="default" id="723a8116-f76a-4a77-9b30-01f119327b93">
    <Deployment runDeploymentRoot="_EMF-Dev-VM_2026-09-30_09_33_30" />
  </TestSettings>
  <Results>
    <UnitTestResult executionId="364c3f56-9e18-4177-b452-643f2943b9f7" testId="9e4e4f43-46e9-074c-fbb8-ccc2da6f430d" testName="EMF.Tests.VeteransReviewerPackageArchitectureTests.RecoveryRollsBackToOriginalIncompleteStateAndRetriesWithoutDuplicates(sourceSaved: False, table: &quot;VeteransClaims_ReviewerPresentations&quot;, timing: &quot;AFTER&quot;)" computerName="EMF-Dev-VM" duration="00:00:02.9805321" startTime="2026-09-30T09:33:45.3791267+00:00" endTime="2026-09-30T09:33:45.3791269+00:00" testType="13cdc9d9-ddb5-4fa4-a97d-d965ccfc6d4b" outcome="Passed" testListId="8c84fa94-04c1-424b-9868-57a2d4851a1d" relativeResultsDirectory="364c3f56-9e18-4177-b452-643f2943b9f7" />
    <UnitTestResult executionId="950807ff-e773-4991-b057-2111a3d102aa" testId="5107a59e-4a02-3a42-a874-9bd9c3e51c06" testName="EMF.Tests.VeteransReviewerPackageArchitectureTests.RecoveryRejectsChangedIntendedInputsAndInvalidLineage(mismatch: &quot;source&quot;)" computerName="EMF-Dev-VM" duration="00:00:02.4488808" startTime="2026-09-30T09:34:22.6381390+00:00" endTime="2026-09-30T09:34:22.6381393+00:00" testType="13cdc9d9-ddb5-4fa4-a97d-d965ccfc6d4b" outcome="Passed" testListId="8c84fa94-04c1-424b-9868-57a2d4851a1d" relativeResultsDirectory="950807ff-e773-4991-b057-2111a3d102aa" />
    <UnitTestResult executionId="8aca2e08-c018-4d64-b40e-fbe62bf049fc" testId="500b2276-f153-a7d4-4540-46c83e7bbbec" testName="EMF.Tests.VeteransReviewerPackageArchitectureTests.RecoveryRollsBackToOriginalIncompleteStateAndRetriesWithoutDuplicates(sourceSaved: True, table: &quot;VeteransClaims_ReviewerPresentations&quot;, timing: &quot;BEFORE&quot;)" computerName="EMF-Dev-VM" duration="00:00:03.0269034" startTime="2026-09-30T09:33:39.1740689+00:00" endTime="2026-09-30T09:33:39.1740690+00:00" testType="13cdc9d9-ddb5-4fa4-a97d-d965ccfc6d4b" outcome="Passed" testListId="8c84fa94-04c1-424b-9868-57a2d4851a1d" relativeResultsDirectory="8aca2e08-c018-4d64-b40e-fbe62bf049fc" />
    <UnitTestResult executionId="e6f91902-40dc-45c6-9420-d691b2ddcb11" testId="607cfab1-aaa5-d68e-201e-1942674cfb2b" testName="EMF.Tests.VeteransReviewerPackageArchitectureTests.DateRefreshHasNewIdentityAndPreservesOriginalPackage" computerName="EMF-Dev-VM" duration="00:00:02.6280800" startTime="2026-09-30T09:34:30.0831030+00:00" endTime="2026-09-30T09:34:30.0831033+00:00" testType="13cdc9d9-ddb5-4fa4-a97d-d965ccfc6d4b" outcome="Passed" testListId="8c84fa94-04c1-424b-9868-57a2d4851a1d" relativeResultsDirectory="e6f91902-40dc-45c6-9420-d691b2ddcb11" />
    <UnitTestResult executionId="e21d834e-794c-435f-9771-eb12866824aa" testId="6c9e4802-f8a1-c79f-e418-fd32a6d75325" testName="EMF.Tests.VeteransReviewerPackageArchitectureTests.RecoveryDoesNotFabricatePresentationForHistoricalOutput" computerName="EMF-Dev-VM" duration="00:00:02.6704767" startTime="2026-09-30T09:34:32.7537153+00:00" endTime="2026-09-30T09:34:32.7537155+00:00" testType="13cdc9d9-ddb5-4fa4-a97d-d965ccfc6d4b" outcome="Passed" testListId="8c84fa94-04c1-424b-9868-57a2d4851a1d" relativeResultsDirectory="e21d834e-794c-435f-9771-eb12866824aa" />
    <UnitTestResult executionId="f555b367-1f11-40e2-a1c2-0f3b0a6f4c41" testId="a74e1344-464a-974c-6ea2-75bd8b106a9b" testName="EMF.Tests.VeteransReviewerPackageArchitectureTests.RecoveryRequiresExistingIdentityAndVerifiedDeployment" computerName="EMF-Dev-VM" duration="00:00:02.3351148" startTime="2026-09-30T09:34:35.0889577+00:00" endTime="2026-09-30T09:34:35.0889579+00:00" testType="13cdc9d9-ddb5-4fa4-a97d-d965ccfc6d4b" outcome="Passed" testListId="8c84fa94-04c1-424b-9868-57a2d4851a1d" relativeResultsDirectory="f555b367-1f11-40e2-a1c2-0f3b0a6f4c41" />
    <UnitTestResult executionId="27ff66dc-0156-400b-bc89-d6a050b4733f" testId="a580dfde-324e-91cc-743f-63351057841c" testName="EMF.Tests.VeteransReviewerPackageArchitectureTests.InterruptedVersionCreationRollsBackEveryRowAndSameIdentityCanRetry(table: &quot;VeteransClaims_ReviewerPresentations&quot;, timing: &quot;AFTER&quot;)" computerName="EMF-Dev-VM" duration="00:00:02.7201240" startTime="2026-09-30T09:34:02.2195919+00:00" endTime="2026-09-30T09:34:02.2195924+00:00" testType="13cdc9d9-ddb5-4fa4-a97d-d965ccfc6d4b" outcome="Passed" testListId="8c84fa94-04c1-424b-9868-57a2d4851a1d" relativeResultsDirectory="27ff66dc-0156-400b-bc89-d6a050b4733f" />
    <UnitTestResult executionId="5ffb8642-7a6c-4da1-9a4d-24f456136c90" testId="f12fe761-6cdb-1d68-ec13-1526f8bed76a" testName="EMF.Tests.VeteransReviewerPackageArchitectureTests.RecoveryRejectsChangedIntendedInputsAndInvalidLineage(mismatch: &quot;claim&quot;)" computerName="EMF-Dev-VM" duration="00:00:02.4156787" startTime="2026-09-30T09:34:15.4659549+00:00" endTime="2026-09-30T09:34:15.4659553+00:00" testType="13cdc9d9-ddb5-4fa4-a97d-d965ccfc6d4b" outcome="Passed" testListId="8c84fa94-04c1-424b-9868-57a2d4851a1d" relativeResultsDirectory="5ffb8642-7a6c-4da1-9a4d-24f456136c90" />
    <UnitTestResult executionId="60fb3f91-65e9-421a-87cd-c80a010421e5" testId="05794575-b296-4776-25d7-6c9b3733ee57" testName="EMF.Tests.VeteransReviewerPackageArchitectureTests.RecoveryRejectsChangedIntendedInputsAndInvalidLineage(mismatch: &quot;missing-prior&quot;)" computerName="EMF-Dev-VM" duration="00:00:02.3237262" startTime="2026-09-30T09:34:24.9620511+00:00" endTime="2026-09-30T09:34:24.9620514+00:00" testType="13cdc9d9-ddb5-4fa4-a97d-d965ccfc6d4b" outcome="Passed" testListId="8c84fa94-04c1-424b-9868-57a2d4851a1d" relativeResultsDirectory="60fb3f91-65e9-421a-87cd-c80a010421e5" />
    <UnitTestResult executionId="b13bd92d-3980-40a0-92c8-61da20776157" testId="3f929e74-8951-7483-0fd3-d0b7b2f8a17e" testName="EMF.Tests.VeteransReviewerPackageArchitectureTests.RecoveryRejectsChangedIntendedInputsAndInvalidLineage(mismatch: &quot;package&quot;)" computerName="EMF-Dev-VM" duration="00:00:02.4927655" startTime="2026-09-30T09:34:27.4549035+00:00" endTime="2026-09-30T09:34:27.4549038+00:00" testType="13cdc9d9-ddb5-4fa4-a97d-d965ccfc6d4b" outcome="Passed" testListId="8c84fa94-04c1-424b-9868-57a2d4851a1d" relativeResultsDirectory="b13bd92d-3980-40a0-92c8-61da20776157" />
    <UnitTestResult executionId="80d9513e-c336-4248-a158-9353b68cab73" testId="c5163544-ee8b-fd7d-f240-6665b3a9f22d" testName="EMF.Tests.VeteransReviewerPackageArchitectureTests.RecoveryRollsBackToOriginalIncompleteStateAndRetriesWithoutDuplicates(sourceSaved: False, table: &quot;VeteransClaims_ReviewerPackageSnapshots&quot;, timing: &quot;BEFORE&quot;)" computerName="EMF-Dev-VM" duration="00:00:02.8909762" startTime="2026-09-30T09:33:48.2706959+00:00" endTime="2026-09-30T09:33:48.2706960+00:00" testType="13cdc9d9-ddb5-4fa4-a97d-d965ccfc6d4b" outcome="Passed" testListId="8c84fa94-04c1-424b-9868-57a2d4851a1d" relativeResultsDirectory="80d9513e-c336-4248-a158-9353b68cab73" />
    <UnitTestResult executionId="9d21a70b-62c1-4e02-b795-04586380aec8" testId="ded7be5f-b523-a8dd-5582-63d0ad533dbf" testName="EMF.Tests.VeteransReviewerPackageArchitectureTests.RecoveryRollsBackToOriginalIncompleteStateAndRetriesWithoutDuplicates(sourceSaved: False, table: &quot;VeteransClaims_ReviewerPresentations&quot;, timing: &quot;BEFORE&quot;)" computerName="EMF-Dev-VM" duration="00:00:02.8722796" startTime="2026-09-30T09:33:51.1427954+00:00" endTime="2026-09-30T09:33:51.1427955+00:00" testType="13cdc9d9-ddb5-4fa4-a97d-d965ccfc6d4b" outcome="Passed" testListId="8c84fa94-04c1-424b-9868-57a2d4851a1d" relativeResultsDirectory="9d21a70b-62c1-4e02-b795-04586380aec8" />
    <UnitTestResult executionId="3e47e6a4-56e9-40c9-adeb-d85239e9fe05" testId="ea1927d2-d59f-9244-c616-7caf20399747" testName="EMF.Tests.VeteransReviewerPackageArchitectureTests.RecoveryCancellationLeavesIncompleteIdentityUnchanged(sourceSaved: True)" computerName="EMF-Dev-VM" duration="00:00:02.4690636" startTime="2026-09-30T09:33:33.0185800+00:00" endTime="2026-09-30T09:33:33.0185801+00:00" testType="13cdc9d9-ddb5-4fa4-a97d-d965ccfc6d4b" outcome="Passed" testListId="8c84fa94-04c1-424b-9868-57a2d4851a1d" relativeResultsDirectory="3e47e6a4-56e9-40c9-adeb-d85239e9fe05" />
    <UnitTestResult executionId="70d2c8c3-a3fd-43f3-ab0b-4d597f83b6b6" testId="97571f13-c9a1-3aa6-e020-a228f4ea5555" testName="EMF.Tests.VeteransReviewerPackageArchitectureTests.InterruptedVersionCreationRollsBackEveryRowAndSameIdentityCanRetry(table: &quot;VeteransClaims_ReviewerPresentations&quot;, timing: &quot;BEFORE&quot;)" computerName="EMF-Dev-VM" duration="00:00:02.7600246" startTime="2026-09-30T09:33:53.9028445+00:00" endTime="2026-09-30T09:33:53.9028448+00:00" testType="13cdc9d9-ddb5-4fa4-a97d-d965ccfc6d4b" outcome="Passed" testListId="8c84fa94-04c1-424b-9868-57a2d4851a1d" relativeResultsDirectory="70d2c8c3-a3fd-43f3-ab0b-4d597f83b6b6" />
    <UnitTestResult executionId="bc04add3-f46b-4dfe-a618-be4594abb39f" testId="728733b5-c34d-928b-dcbe-ff4f7af27936" testName="EMF.Tests.VeteransReviewerPackageArchitectureTests.RecoveryRollsBackToOriginalIncompleteStateAndRetriesWithoutDuplicates(sourceSaved: True, table: &quot;VeteransClaims_ReviewerPresentations&quot;, timing: &quot;AFTER&quot;)" computerName="EMF-Dev-VM" duration="00:00:03.1276577" startTime="2026-09-30T09:33:36.1465394+00:00" endTime="2026-09-30T09:33:36.1465396+00:00" testType="13cdc9d9-ddb5-4fa4-a97d-d965ccfc6d4b" outcome="Passed" testListId="8c84fa94-04c1-424b-9868-57a2d4851a1d" relativeResultsDirectory="bc04add3-f46b-4dfe-a618-be4594abb39f" />
    <UnitTestResult executionId="2cc80ae9-3f2e-46b3-bc2d-2bbfc69b7a39" testId="3ea5122f-269e-f3f1-948c-cb5197648e15" testName="EMF.Tests.VeteransReviewerPackageArchitectureTests.InterruptedVersionCreationRollsBackEveryRowAndSameIdentityCanRetry(table: &quot;VeteransClaims_EvidencePackageArtifacts&quot;, timing: &quot;AFTER&quot;)" computerName="EMF-Dev-VM" duration="00:00:02.7073639" startTime="2026-09-30T09:34:10.3570722+00:00" endTime="2026-09-30T09:34:10.3570724+00:00" testType="13cdc9d9-ddb5-4fa4-a97d-d965ccfc6d4b" outcome="Passed" testListId="8c84fa94-04c1-424b-9868-57a2d4851a1d" relativeResultsDirectory="2cc80ae9-3f2e-46b3-bc2d-2bbfc69b7a39" />
    <UnitTestResult executionId="ec53bc89-c886-4da2-995c-f716a5fdf904" testId="6cb6851d-03fa-f281-fe83-ee91498417ce" testName="EMF.Tests.VeteransReviewerPackageArchitectureTests.RecoveryRejectsChangedIntendedInputsAndInvalidLineage(mismatch: &quot;self&quot;)" computerName="EMF-Dev-VM" duration="00:00:02.3444108" startTime="2026-09-30T09:34:20.1891436+00:00" endTime="2026-09-30T09:34:20.1891439+00:00" testType="13cdc9d9-ddb5-4fa4-a97d-d965ccfc6d4b" outcome="Passed" testListId="8c84fa94-04c1-424b-9868-57a2d4851a1d" relativeResultsDirectory="ec53bc89-c886-4da2-995c-f716a5fdf904" />
    <UnitTestResult executionId="75fa3c94-4217-4530-a0c9-6355efd2e790" testId="5238acbe-779a-5d2e-3ca3-585d3dbacbbb" testName="EMF.Tests.VeteransReviewerPackageArchitectureTests.InterruptedVersionCreationRollsBackEveryRowAndSameIdentityCanRetry(table: &quot;VeteransClaims_ReviewerPackageSnapshots&quot;, timing: &quot;AFTER&quot;)" computerName="EMF-Dev-VM" duration="00:00:02.7891281" startTime="2026-09-30T09:33:59.4990504+00:00" endTime="2026-09-30T09:33:59.4990507+00:00" testType="13cdc9d9-ddb5-4fa4-a97d-d965ccfc6d4b" outcome="Passed" testListId="8c84fa94-04c1-424b-9868-57a2d4851a1d" relativeResultsDirectory="75fa3c94-4217-4530-a0c9-6355efd2e790" />
    <UnitTestResult executionId="8e04cc2d-cb8f-4f95-9745-6d3c5cf065eb" testId="48fab3f9-dd45-9443-2645-d22926f9b0b1" testName="EMF.Tests.VeteransReviewerPackageArchitectureTests.InterruptedVersionCreationRollsBackEveryRowAndSameIdentityCanRetry(table: &quot;VeteransClaims_EvidencePackageArtifacts&quot;, timing: &quot;BEFORE&quot;)" computerName="EMF-Dev-VM" duration="00:00:02.8064093" startTime="2026-09-30T09:33:56.7100637+00:00" endTime="2026-09-30T09:33:56.7100640+00:00" testType="13cdc9d9-ddb5-4fa4-a97d-d965ccfc6d4b" outcome="Passed" testListId="8c84fa94-04c1-424b-9868-57a2d4851a1d" relativeResultsDirectory="8e04cc2d-cb8f-4f95-9745-6d3c5cf065eb" />
    <UnitTestResult executionId="a383af6e-b44d-4505-b6ee-dab0231b21ed" testId="0539b81a-73c6-f321-4784-b8e13522740f" testName="EMF.Tests.VeteransReviewerPackageArchitectureTests.RecoveryRollsBackToOriginalIncompleteStateAndRetriesWithoutDuplicates(sourceSaved: False, table: &quot;VeteransClaims_ReviewerPackageSnapshots&quot;, timing: &quot;AFTER&quot;)" computerName="EMF-Dev-VM" duration="00:00:03.2240767" startTime="2026-09-30T09:33:42.3978396+00:00" endTime="2026-09-30T09:33:42.3978399+00:00" testType="13cdc9d9-ddb5-4fa4-a97d-d965ccfc6d4b" outcome="Passed" testListId="8c84fa94-04c1-424b-9868-57a2d4851a1d" relativeResultsDirectory="a383af6e-b44d-4505-b6ee-dab0231b21ed" />
    <UnitTestResult executionId="5820668b-4b07-4373-9e80-6714a8274ff4" testId="31fae157-176f-4892-1198-45a640e2bad8" testName="EMF.Tests.VeteransReviewerPackageArchitectureTests.RecoveryRejectsChangedIntendedInputsAndInvalidLineage(mismatch: &quot;membership&quot;)" computerName="EMF-Dev-VM" duration="00:00:02.3785913" startTime="2026-09-30T09:34:17.8446354+00:00" endTime="2026-09-30T09:34:17.8446357+00:00" testType="13cdc9d9-ddb5-4fa4-a97d-d965ccfc6d4b" outcome="Passed" testListId="8c84fa94-04c1-424b-9868-57a2d4851a1d" relativeResultsDirectory="5820668b-4b07-4373-9e80-6714a8274ff4" />
    <UnitTestResult executionId="959f50ad-da71-4ca1-8673-877fec8cc969" testId="7c0d8bd3-5065-7d49-8544-809d9e384b2c" testName="EMF.Tests.VeteransReviewerPackageArchitectureTests.InterruptedVersionCreationRollsBackEveryRowAndSameIdentityCanRetry(table: &quot;VeteransClaims_ReviewerPackageSnapshots&quot;, timing: &quot;BEFORE&quot;)" computerName="EMF-Dev-VM" duration="00:00:02.6927526" startTime="2026-09-30T09:34:13.0499757+00:00" endTime="2026-09-30T09:34:13.0499758+00:00" testType="13cdc9d9-ddb5-4fa4-a97d-d965ccfc6d4b" outcome="Passed" testListId="8c84fa94-04c1-424b-9868-57a2d4851a1d" relativeResultsDirectory="959f50ad-da71-4ca1-8673-877fec8cc969" />
    <UnitTestResult executionId="9699ea1f-4fb6-4382-97dd-73a73a66f96f" testId="1c629ad1-37c5-25ab-7e2d-83374813777e" testName="EMF.Tests.VeteransReviewerPackageArchitectureTests.InterruptedVersionCreationRollsBackEveryRowAndSameIdentityCanRetry(table: &quot;VeteransClaims_EvidencePackages&quot;, timing: &quot;BEFORE&quot;)" computerName="EMF-Dev-VM" duration="00:00:02.6982597" startTime="2026-09-30T09:34:07.6495781+00:00" endTime="2026-09-30T09:34:07.6495783+00:00" testType="13cdc9d9-ddb5-4fa4-a97d-d965ccfc6d4b" outcome="Passed" testListId="8c84fa94-04c1-424b-9868-57a2d4851a1d" relativeResultsDirectory="9699ea1f-4fb6-4382-97dd-73a73a66f96f" />
    <UnitTestResult executionId="2f4dc856-5d26-491a-9d45-71126c347d7e" testId="07c2db21-8afb-ca79-f67c-3287609062cc" testName="EMF.Tests.VeteransReviewerPackageArchitectureTests.InterruptedVersionCreationRollsBackEveryRowAndSameIdentityCanRetry(table: &quot;VeteransClaims_EvidencePackages&quot;, timing: &quot;AFTER&quot;)" computerName="EMF-Dev-VM" duration="00:00:02.7315951" startTime="2026-09-30T09:34:04.9507365+00:00" endTime="2026-09-30T09:34:04.9507367+00:00" testType="13cdc9d9-ddb5-4fa4-a97d-d965ccfc6d4b" outcome="Passed" testListId="8c84fa94-04c1-424b-9868-57a2d4851a1d" relativeResultsDirectory="2f4dc856-5d26-491a-9d45-71126c347d7e" />
    <UnitTestResult executionId="50758971-c55c-4f17-9365-8bd7ec6bdae8" testId="36964695-51c5-9071-d10b-1c11d272fb03" testName="EMF.Tests.VeteransReviewerPackageArchitectureTests.RecoveryCancellationLeavesIncompleteIdentityUnchanged(sourceSaved: False)" computerName="EMF-Dev-VM" duration="00:00:02.8123538" startTime="2026-09-30T09:33:30.5501230+00:00" endTime="2026-09-30T09:33:30.5501389+00:00" testType="13cdc9d9-ddb5-4fa4-a97d-d965ccfc6d4b" outcome="Passed" testListId="8c84fa94-04c1-424b-9868-57a2d4851a1d" relativeResultsDirectory="50758971-c55c-4f17-9365-8bd7ec6bdae8" />
  </Results>
  <TestDefinitions>
    <UnitTest name="EMF.Tests.VeteransReviewerPackageArchitectureTests.RecoveryRollsBackToOriginalIncompleteStateAndRetriesWithoutDuplicates(sourceSaved: True, table: &quot;VeteransClaims_ReviewerPresentations&quot;, timing: &quot;BEFORE&quot;)" storage="/home/michael/emf_project/tests/emf.tests/bin/release/net10.0/emf.tests.dll" id="500b2276-f153-a7d4-4540-46c83e7bbbec">
      <Execution id="8aca2e08-c018-4d64-b40e-fbe62bf049fc" />
      <TestMethod codeBase="/home/michael/EMF_Project/tests/EMF.Tests/bin/Release/net10.0/EMF.Tests.dll" adapterTypeName="executor://xunit/VsTestRunner2/netcoreapp" className="EMF.Tests.VeteransReviewerPackageArchitectureTests" name="RecoveryRollsBackToOriginalIncompleteStateAndRetriesWithoutDuplicates" />
    </UnitTest>
    <UnitTest name="EMF.Tests.VeteransReviewerPackageArchitectureTests.RecoveryRollsBackToOriginalIncompleteStateAndRetriesWithoutDuplicates(sourceSaved: False, table: &quot;VeteransClaims_ReviewerPresentations&quot;, timing: &quot;BEFORE&quot;)" storage="/home/michael/emf_project/tests/emf.tests/bin/release/net10.0/emf.tests.dll" id="ded7be5f-b523-a8dd-5582-63d0ad533dbf">
      <Execution id="9d21a70b-62c1-4e02-b795-04586380aec8" />
      <TestMethod codeBase="/home/michael/EMF_Project/tests/EMF.Tests/bin/Release/net10.0/EMF.Tests.dll" adapterTypeName="executor://xunit/VsTestRunner2/netcoreapp" className="EMF.Tests.VeteransReviewerPackageArchitectureTests" name="RecoveryRollsBackToOriginalIncompleteStateAndRetriesWithoutDuplicates" />
    </UnitTest>
    <UnitTest name="EMF.Tests.VeteransReviewerPackageArchitectureTests.RecoveryRollsBackToOriginalIncompleteStateAndRetriesWithoutDuplicates(sourceSaved: False, table: &quot;VeteransClaims_ReviewerPackageSnapshots&quot;, timing: &quot;BEFORE&quot;)" storage="/home/michael/emf_project/tests/emf.tests/bin/release/net10.0/emf.tests.dll" id="c5163544-ee8b-fd7d-f240-6665b3a9f22d">
      <Execution id="80d9513e-c336-4248-a158-9353b68cab73" />
      <TestMethod codeBase="/home/michael/EMF_Project/tests/EMF.Tests/bin/Release/net10.0/EMF.Tests.dll" adapterTypeName="executor://xunit/VsTestRunner2/netcoreapp" className="EMF.Tests.VeteransReviewerPackageArchitectureTests" name="RecoveryRollsBackToOriginalIncompleteStateAndRetriesWithoutDuplicates" />
    </UnitTest>
    <UnitTest name="EMF.Tests.VeteransReviewerPackageArchitectureTests.RecoveryRejectsChangedIntendedInputsAndInvalidLineage(mismatch: &quot;membership&quot;)" storage="/home/michael/emf_project/tests/emf.tests/bin/release/net10.0/emf.tests.dll" id="31fae157-176f-4892-1198-45a640e2bad8">
      <Execution id="5820668b-4b07-4373-9e80-6714a8274ff4" />
      <TestMethod codeBase="/home/michael/EMF_Project/tests/EMF.Tests/bin/Release/net10.0/EMF.Tests.dll" adapterTypeName="executor://xunit/VsTestRunner2/netcoreapp" className="EMF.Tests.VeteransReviewerPackageArchitectureTests" name="RecoveryRejectsChangedIntendedInputsAndInvalidLineage" />
    </UnitTest>
    <UnitTest name="EMF.Tests.VeteransReviewerPackageArchitectureTests.InterruptedVersionCreationRollsBackEveryRowAndSameIdentityCanRetry(table: &quot;VeteransClaims_EvidencePackages&quot;, timing: &quot;BEFORE&quot;)" storage="/home/michael/emf_project/tests/emf.tests/bin/release/net10.0/emf.tests.dll" id="1c629ad1-37c5-25ab-7e2d-83374813777e">
      <Execution id="9699ea1f-4fb6-4382-97dd-73a73a66f96f" />
      <TestMethod codeBase="/home/michael/EMF_Project/tests/EMF.Tests/bin/Release/net10.0/EMF.Tests.dll" adapterTypeName="executor://xunit/VsTestRunner2/netcoreapp" className="EMF.Tests.VeteransReviewerPackageArchitectureTests" name="InterruptedVersionCreationRollsBackEveryRowAndSameIdentityCanRetry" />
    </UnitTest>
    <UnitTest name="EMF.Tests.VeteransReviewerPackageArchitectureTests.InterruptedVersionCreationRollsBackEveryRowAndSameIdentityCanRetry(table: &quot;VeteransClaims_EvidencePackages&quot;, timing: &quot;AFTER&quot;)" storage="/home/michael/emf_project/tests/emf.tests/bin/release/net10.0/emf.tests.dll" id="07c2db21-8afb-ca79-f67c-3287609062cc">
      <Execution id="2f4dc856-5d26-491a-9d45-71126c347d7e" />
      <TestMethod codeBase="/home/michael/EMF_Project/tests/EMF.Tests/bin/Release/net10.0/EMF.Tests.dll" adapterTypeName="executor://xunit/VsTestRunner2/netcoreapp" className="EMF.Tests.VeteransReviewerPackageArchitectureTests" name="InterruptedVersionCreationRollsBackEveryRowAndSameIdentityCanRetry" />
    </UnitTest>
    <UnitTest name="EMF.Tests.VeteransReviewerPackageArchitectureTests.InterruptedVersionCreationRollsBackEveryRowAndSameIdentityCanRetry(table: &quot;VeteransClaims_EvidencePackageArtifacts&quot;, timing: &quot;AFTER&quot;)" storage="/home/michael/emf_project/tests/emf.tests/bin/release/net10.0/emf.tests.dll" id="3ea5122f-269e-f3f1-948c-cb5197648e15">
      <Execution id="2cc80ae9-3f2e-46b3-bc2d-2bbfc69b7a39" />
      <TestMethod codeBase="/home/michael/EMF_Project/tests/EMF.Tests/bin/Release/net10.0/EMF.Tests.dll" adapterTypeName="executor://xunit/VsTestRunner2/netcoreapp" className="EMF.Tests.VeteransReviewerPackageArchitectureTests" name="InterruptedVersionCreationRollsBackEveryRowAndSameIdentityCanRetry" />
    </UnitTest>
    <UnitTest name="EMF.Tests.VeteransReviewerPackageArchitectureTests.RecoveryDoesNotFabricatePresentationForHistoricalOutput" storage="/home/michael/emf_project/tests/emf.tests/bin/release/net10.0/emf.tests.dll" id="6c9e4802-f8a1-c79f-e418-fd32a6d75325">
      <Execution id="e21d834e-794c-435f-9771-eb12866824aa" />
      <TestMethod codeBase="/home/michael/EMF_Project/tests/EMF.Tests/bin/Release/net10.0/EMF.Tests.dll" adapterTypeName="executor://xunit/VsTestRunner2/netcoreapp" className="EMF.Tests.VeteransReviewerPackageArchitectureTests" name="RecoveryDoesNotFabricatePresentationForHistoricalOutput" />
    </UnitTest>
    <UnitTest name="EMF.Tests.VeteransReviewerPackageArchitectureTests.RecoveryRejectsChangedIntendedInputsAndInvalidLineage(mismatch: &quot;claim&quot;)" storage="/home/michael/emf_project/tests/emf.tests/bin/release/net10.0/emf.tests.dll" id="f12fe761-6cdb-1d68-ec13-1526f8bed76a">
      <Execution id="5ffb8642-7a6c-4da1-9a4d-24f456136c90" />
      <TestMethod codeBase="/home/michael/EMF_Project/tests/EMF.Tests/bin/Release/net10.0/EMF.Tests.dll" adapterTypeName="executor://xunit/VsTestRunner2/netcoreapp" className="EMF.Tests.VeteransReviewerPackageArchitectureTests" name="RecoveryRejectsChangedIntendedInputsAndInvalidLineage" />
    </UnitTest>
    <UnitTest name="EMF.Tests.VeteransReviewerPackageArchitectureTests.RecoveryRollsBackToOriginalIncompleteStateAndRetriesWithoutDuplicates(sourceSaved: True, table: &quot;VeteransClaims_ReviewerPresentations&quot;, timing: &quot;AFTER&quot;)" storage="/home/michael/emf_project/tests/emf.tests/bin/release/net10.0/emf.tests.dll" id="728733b5-c34d-928b-dcbe-ff4f7af27936">
      <Execution id="bc04add3-f46b-4dfe-a618-be4594abb39f" />
      <TestMethod codeBase="/home/michael/EMF_Project/tests/EMF.Tests/bin/Release/net10.0/EMF.Tests.dll" adapterTypeName="executor://xunit/VsTestRunner2/netcoreapp" className="EMF.Tests.VeteransReviewerPackageArchitectureTests" name="RecoveryRollsBackToOriginalIncompleteStateAndRetriesWithoutDuplicates" />
    </UnitTest>
    <UnitTest name="EMF.Tests.VeteransReviewerPackageArchitectureTests.DateRefreshHasNewIdentityAndPreservesOriginalPackage" storage="/home/michael/emf_project/tests/emf.tests/bin/release/net10.0/emf.tests.dll" id="607cfab1-aaa5-d68e-201e-1942674cfb2b">
      <Execution id="e6f91902-40dc-45c6-9420-d691b2ddcb11" />
      <TestMethod codeBase="/home/michael/EMF_Project/tests/EMF.Tests/bin/Release/net10.0/EMF.Tests.dll" adapterTypeName="executor://xunit/VsTestRunner2/netcoreapp" className="EMF.Tests.VeteransReviewerPackageArchitectureTests" name="DateRefreshHasNewIdentityAndPreservesOriginalPackage" />
    </UnitTest>
    <UnitTest name="EMF.Tests.VeteransReviewerPackageArchitectureTests.InterruptedVersionCreationRollsBackEveryRowAndSameIdentityCanRetry(table: &quot;VeteransClaims_ReviewerPresentations&quot;, timing: &quot;AFTER&quot;)" storage="/home/michael/emf_project/tests/emf.tests/bin/release/net10.0/emf.tests.dll" id="a580dfde-324e-91cc-743f-63351057841c">
      <Execution id="27ff66dc-0156-400b-bc89-d6a050b4733f" />
      <TestMethod codeBase="/home/michael/EMF_Project/tests/EMF.Tests/bin/Release/net10.0/EMF.Tests.dll" adapterTypeName="executor://xunit/VsTestRunner2/netcoreapp" className="EMF.Tests.VeteransReviewerPackageArchitectureTests" name="InterruptedVersionCreationRollsBackEveryRowAndSameIdentityCanRetry" />
    </UnitTest>
    <UnitTest name="EMF.Tests.VeteransReviewerPackageArchitectureTests.RecoveryRejectsChangedIntendedInputsAndInvalidLineage(mismatch: &quot;source&quot;)" storage="/home/michael/emf_project/tests/emf.tests/bin/release/net10.0/emf.tests.dll" id="5107a59e-4a02-3a42-a874-9bd9c3e51c06">
      <Execution id="950807ff-e773-4991-b057-2111a3d102aa" />
      <TestMethod codeBase="/home/michael/EMF_Project/tests/EMF.Tests/bin/Release/net10.0/EMF.Tests.dll" adapterTypeName="executor://xunit/VsTestRunner2/netcoreapp" className="EMF.Tests.VeteransReviewerPackageArchitectureTests" name="RecoveryRejectsChangedIntendedInputsAndInvalidLineage" />
    </UnitTest>
    <UnitTest name="EMF.Tests.VeteransReviewerPackageArchitectureTests.RecoveryRollsBackToOriginalIncompleteStateAndRetriesWithoutDuplicates(sourceSaved: False, table: &quot;VeteransClaims_ReviewerPresentations&quot;, timing: &quot;AFTER&quot;)" storage="/home/michael/emf_project/tests/emf.tests/bin/release/net10.0/emf.tests.dll" id="9e4e4f43-46e9-074c-fbb8-ccc2da6f430d">
      <Execution id="364c3f56-9e18-4177-b452-643f2943b9f7" />
      <TestMethod codeBase="/home/michael/EMF_Project/tests/EMF.Tests/bin/Release/net10.0/EMF.Tests.dll" adapterTypeName="executor://xunit/VsTestRunner2/netcoreapp" className="EMF.Tests.VeteransReviewerPackageArchitectureTests" name="RecoveryRollsBackToOriginalIncompleteStateAndRetriesWithoutDuplicates" />
    </UnitTest>
    <UnitTest name="EMF.Tests.VeteransReviewerPackageArchitectureTests.InterruptedVersionCreationRollsBackEveryRowAndSameIdentityCanRetry(table: &quot;VeteransClaims_ReviewerPackageSnapshots&quot;, timing: &quot;BEFORE&quot;)" storage="/home/michael/emf_project/tests/emf.tests/bin/release/net10.0/emf.tests.dll" id="7c0d8bd3-5065-7d49-8544-809d9e384b2c">
      <Execution id="959f50ad-da71-4ca1-8673-877fec8cc969" />
      <TestMethod codeBase="/home/michael/EMF_Project/tests/EMF.Tests/bin/Release/net10.0/EMF.Tests.dll" adapterTypeName="executor://xunit/VsTestRunner2/netcoreapp" className="EMF.Tests.VeteransReviewerPackageArchitectureTests" name="InterruptedVersionCreationRollsBackEveryRowAndSameIdentityCanRetry" />
    </UnitTest>
    <UnitTest name="EMF.Tests.VeteransReviewerPackageArchitectureTests.InterruptedVersionCreationRollsBackEveryRowAndSameIdentityCanRetry(table: &quot;VeteransClaims_ReviewerPackageSnapshots&quot;, timing: &quot;AFTER&quot;)" storage="/home/michael/emf_project/tests/emf.tests/bin/release/net10.0/emf.tests.dll" id="5238acbe-779a-5d2e-3ca3-585d3dbacbbb">
      <Execution id="75fa3c94-4217-4530-a0c9-6355efd2e790" />
      <TestMethod codeBase="/home/michael/EMF_Project/tests/EMF.Tests/bin/Release/net10.0/EMF.Tests.dll" adapterTypeName="executor://xunit/VsTestRunner2/netcoreapp" className="EMF.Tests.VeteransReviewerPackageArchitectureTests" name="InterruptedVersionCreationRollsBackEveryRowAndSameIdentityCanRetry" />
    </UnitTest>
    <UnitTest name="EMF.Tests.VeteransReviewerPackageArchitectureTests.RecoveryRequiresExistingIdentityAndVerifiedDeployment" storage="/home/michael/emf_project/tests/emf.tests/bin/release/net10.0/emf.tests.dll" id="a74e1344-464a-974c-6ea2-75bd8b106a9b">
      <Execution id="f555b367-1f11-40e2-a1c2-0f3b0a6f4c41" />
      <TestMethod codeBase="/home/michael/EMF_Project/tests/EMF.Tests/bin/Release/net10.0/EMF.Tests.dll" adapterTypeName="executor://xunit/VsTestRunner2/netcoreapp" className="EMF.Tests.VeteransReviewerPackageArchitectureTests" name="RecoveryRequiresExistingIdentityAndVerifiedDeployment" />
    </UnitTest>
    <UnitTest name="EMF.Tests.VeteransReviewerPackageArchitectureTests.RecoveryRejectsChangedIntendedInputsAndInvalidLineage(mismatch: &quot;missing-prior&quot;)" storage="/home/michael/emf_project/tests/emf.tests/bin/release/net10.0/emf.tests.dll" id="05794575-b296-4776-25d7-6c9b3733ee57">
      <Execution id="60fb3f91-65e9-421a-87cd-c80a010421e5" />
      <TestMethod codeBase="/home/michael/EMF_Project/tests/EMF.Tests/bin/Release/net10.0/EMF.Tests.dll" adapterTypeName="executor://xunit/VsTestRunner2/netcoreapp" className="EMF.Tests.VeteransReviewerPackageArchitectureTests" name="RecoveryRejectsChangedIntendedInputsAndInvalidLineage" />
    </UnitTest>
    <UnitTest name="EMF.Tests.VeteransReviewerPackageArchitectureTests.InterruptedVersionCreationRollsBackEveryRowAndSameIdentityCanRetry(table: &quot;VeteransClaims_EvidencePackageArtifacts&quot;, timing: &quot;BEFORE&quot;)" storage="/home/michael/emf_project/tests/emf.tests/bin/release/net10.0/emf.tests.dll" id="48fab3f9-dd45-9443-2645-d22926f9b0b1">
      <Execution id="8e04cc2d-cb8f-4f95-9745-6d3c5cf065eb" />
      <TestMethod codeBase="/home/michael/EMF_Project/tests/EMF.Tests/bin/Release/net10.0/EMF.Tests.dll" adapterTypeName="executor://xunit/VsTestRunner2/netcoreapp" className="EMF.Tests.VeteransReviewerPackageArchitectureTests" name="InterruptedVersionCreationRollsBackEveryRowAndSameIdentityCanRetry" />
    </UnitTest>
    <UnitTest name="EMF.Tests.VeteransReviewerPackageArchitectureTests.RecoveryRejectsChangedIntendedInputsAndInvalidLineage(mismatch: &quot;package&quot;)" storage="/home/michael/emf_project/tests/emf.tests/bin/release/net10.0/emf.tests.dll" id="3f929e74-8951-7483-0fd3-d0b7b2f8a17e">
      <Execution id="b13bd92d-3980-40a0-92c8-61da20776157" />
      <TestMethod codeBase="/home/michael/EMF_Project/tests/EMF.Tests/bin/Release/net10.0/EMF.Tests.dll" adapterTypeName="executor://xunit/VsTestRunner2/netcoreapp" className="EMF.Tests.VeteransReviewerPackageArchitectureTests" name="RecoveryRejectsChangedIntendedInputsAndInvalidLineage" />
    </UnitTest>
    <UnitTest name="EMF.Tests.VeteransReviewerPackageArchitectureTests.InterruptedVersionCreationRollsBackEveryRowAndSameIdentityCanRetry(table: &quot;VeteransClaims_ReviewerPresentations&quot;, timing: &quot;BEFORE&quot;)" storage="/home/michael/emf_project/tests/emf.tests/bin/release/net10.0/emf.tests.dll" id="97571f13-c9a1-3aa6-e020-a228f4ea5555">
      <Execution id="70d2c8c3-a3fd-43f3-ab0b-4d597f83b6b6" />
      <TestMethod codeBase="/home/michael/EMF_Project/tests/EMF.Tests/bin/Release/net10.0/EMF.Tests.dll" adapterTypeName="executor://xunit/VsTestRunner2/netcoreapp" className="EMF.Tests.VeteransReviewerPackageArchitectureTests" name="InterruptedVersionCreationRollsBackEveryRowAndSameIdentityCanRetry" />
    </UnitTest>
    <UnitTest name="EMF.Tests.VeteransReviewerPackageArchitectureTests.RecoveryCancellationLeavesIncompleteIdentityUnchanged(sourceSaved: True)" storage="/home/michael/emf_project/tests/emf.tests/bin/release/net10.0/emf.tests.dll" id="ea1927d2-d59f-9244-c616-7caf20399747">
      <Execution id="3e47e6a4-56e9-40c9-adeb-d85239e9fe05" />
      <TestMethod codeBase="/home/michael/EMF_Project/tests/EMF.Tests/bin/Release/net10.0/EMF.Tests.dll" adapterTypeName="executor://xunit/VsTestRunner2/netcoreapp" className="EMF.Tests.VeteransReviewerPackageArchitectureTests" name="RecoveryCancellationLeavesIncompleteIdentityUnchanged" />
    </UnitTest>
    <UnitTest name="EMF.Tests.VeteransReviewerPackageArchitectureTests.RecoveryRollsBackToOriginalIncompleteStateAndRetriesWithoutDuplicates(sourceSaved: False, table: &quot;VeteransClaims_ReviewerPackageSnapshots&quot;, timing: &quot;AFTER&quot;)" storage="/home/michael/emf_project/tests/emf.tests/bin/release/net10.0/emf.tests.dll" id="0539b81a-73c6-f321-4784-b8e13522740f">
      <Execution id="a383af6e-b44d-4505-b6ee-dab0231b21ed" />
      <TestMethod codeBase="/home/michael/EMF_Project/tests/EMF.Tests/bin/Release/net10.0/EMF.Tests.dll" adapterTypeName="executor://xunit/VsTestRunner2/netcoreapp" className="EMF.Tests.VeteransReviewerPackageArchitectureTests" name="RecoveryRollsBackToOriginalIncompleteStateAndRetriesWithoutDuplicates" />
    </UnitTest>
    <UnitTest name="EMF.Tests.VeteransReviewerPackageArchitectureTests.RecoveryRejectsChangedIntendedInputsAndInvalidLineage(mismatch: &quot;self&quot;)" storage="/home/michael/emf_project/tests/emf.tests/bin/release/net10.0/emf.tests.dll" id="6cb6851d-03fa-f281-fe83-ee91498417ce">
      <Execution id="ec53bc89-c886-4da2-995c-f716a5fdf904" />
      <TestMethod codeBase="/home/michael/EMF_Project/tests/EMF.Tests/bin/Release/net10.0/EMF.Tests.dll" adapterTypeName="executor://xunit/VsTestRunner2/netcoreapp" className="EMF.Tests.VeteransReviewerPackageArchitectureTests" name="RecoveryRejectsChangedIntendedInputsAndInvalidLineage" />
    </UnitTest>
    <UnitTest name="EMF.Tests.VeteransReviewerPackageArchitectureTests.RecoveryCancellationLeavesIncompleteIdentityUnchanged(sourceSaved: False)" storage="/home/michael/emf_project/tests/emf.tests/bin/release/net10.0/emf.tests.dll" id="36964695-51c5-9071-d10b-1c11d272fb03">
      <Execution id="50758971-c55c-4f17-9365-8bd7ec6bdae8" />
      <TestMethod codeBase="/home/michael/EMF_Project/tests/EMF.Tests/bin/Release/net10.0/EMF.Tests.dll" adapterTypeName="executor://xunit/VsTestRunner2/netcoreapp" className="EMF.Tests.VeteransReviewerPackageArchitectureTests" name="RecoveryCancellationLeavesIncompleteIdentityUnchanged" />
    </UnitTest>
  </TestDefinitions>
  <TestEntries>
    <TestEntry testId="9e4e4f43-46e9-074c-fbb8-ccc2da6f430d" executionId="364c3f56-9e18-4177-b452-643f2943b9f7" testListId="8c84fa94-04c1-424b-9868-57a2d4851a1d" />
    <TestEntry testId="5107a59e-4a02-3a42-a874-9bd9c3e51c06" executionId="950807ff-e773-4991-b057-2111a3d102aa" testListId="8c84fa94-04c1-424b-9868-57a2d4851a1d" />
    <TestEntry testId="500b2276-f153-a7d4-4540-46c83e7bbbec" executionId="8aca2e08-c018-4d64-b40e-fbe62bf049fc" testListId="8c84fa94-04c1-424b-9868-57a2d4851a1d" />
    <TestEntry testId="607cfab1-aaa5-d68e-201e-1942674cfb2b" executionId="e6f91902-40dc-45c6-9420-d691b2ddcb11" testListId="8c84fa94-04c1-424b-9868-57a2d4851a1d" />
    <TestEntry testId="6c9e4802-f8a1-c79f-e418-fd32a6d75325" executionId="e21d834e-794c-435f-9771-eb12866824aa" testListId="8c84fa94-04c1-424b-9868-57a2d4851a1d" />
    <TestEntry testId="a74e1344-464a-974c-6ea2-75bd8b106a9b" executionId="f555b367-1f11-40e2-a1c2-0f3b0a6f4c41" testListId="8c84fa94-04c1-424b-9868-57a2d4851a1d" />
    <TestEntry testId="a580dfde-324e-91cc-743f-63351057841c" executionId="27ff66dc-0156-400b-bc89-d6a050b4733f" testListId="8c84fa94-04c1-424b-9868-57a2d4851a1d" />
    <TestEntry testId="f12fe761-6cdb-1d68-ec13-1526f8bed76a" executionId="5ffb8642-7a6c-4da1-9a4d-24f456136c90" testListId="8c84fa94-04c1-424b-9868-57a2d4851a1d" />
    <TestEntry testId="05794575-b296-4776-25d7-6c9b3733ee57" executionId="60fb3f91-65e9-421a-87cd-c80a010421e5" testListId="8c84fa94-04c1-424b-9868-57a2d4851a1d" />
    <TestEntry testId="3f929e74-8951-7483-0fd3-d0b7b2f8a17e" executionId="b13bd92d-3980-40a0-92c8-61da20776157" testListId="8c84fa94-04c1-424b-9868-57a2d4851a1d" />
    <TestEntry testId="c5163544-ee8b-fd7d-f240-6665b3a9f22d" executionId="80d9513e-c336-4248-a158-9353b68cab73" testListId="8c84fa94-04c1-424b-9868-57a2d4851a1d" />
    <TestEntry testId="ded7be5f-b523-a8dd-5582-63d0ad533dbf" executionId="9d21a70b-62c1-4e02-b795-04586380aec8" testListId="8c84fa94-04c1-424b-9868-57a2d4851a1d" />
    <TestEntry testId="ea1927d2-d59f-9244-c616-7caf20399747" executionId="3e47e6a4-56e9-40c9-adeb-d85239e9fe05" testListId="8c84fa94-04c1-424b-9868-57a2d4851a1d" />
    <TestEntry testId="97571f13-c9a1-3aa6-e020-a228f4ea5555" executionId="70d2c8c3-a3fd-43f3-ab0b-4d597f83b6b6" testListId="8c84fa94-04c1-424b-9868-57a2d4851a1d" />
    <TestEntry testId="728733b5-c34d-928b-dcbe-ff4f7af27936" executionId="bc04add3-f46b-4dfe-a618-be4594abb39f" testListId="8c84fa94-04c1-424b-9868-57a2d4851a1d" />
    <TestEntry testId="3ea5122f-269e-f3f1-948c-cb5197648e15" executionId="2cc80ae9-3f2e-46b3-bc2d-2bbfc69b7a39" testListId="8c84fa94-04c1-424b-9868-57a2d4851a1d" />
    <TestEntry testId="6cb6851d-03fa-f281-fe83-ee91498417ce" executionId="ec53bc89-c886-4da2-995c-f716a5fdf904" testListId="8c84fa94-04c1-424b-9868-57a2d4851a1d" />
    <TestEntry testId="5238acbe-779a-5d2e-3ca3-585d3dbacbbb" executionId="75fa3c94-4217-4530-a0c9-6355efd2e790" testListId="8c84fa94-04c1-424b-9868-57a2d4851a1d" />
    <TestEntry testId="48fab3f9-dd45-9443-2645-d22926f9b0b1" executionId="8e04cc2d-cb8f-4f95-9745-6d3c5cf065eb" testListId="8c84fa94-04c1-424b-9868-57a2d4851a1d" />
    <TestEntry testId="0539b81a-73c6-f321-4784-b8e13522740f" executionId="a383af6e-b44d-4505-b6ee-dab0231b21ed" testListId="8c84fa94-04c1-424b-9868-57a2d4851a1d" />
    <TestEntry testId="31fae157-176f-4892-1198-45a640e2bad8" executionId="5820668b-4b07-4373-9e80-6714a8274ff4" testListId="8c84fa94-04c1-424b-9868-57a2d4851a1d" />
    <TestEntry testId="7c0d8bd3-5065-7d49-8544-809d9e384b2c" executionId="959f50ad-da71-4ca1-8673-877fec8cc969" testListId="8c84fa94-04c1-424b-9868-57a2d4851a1d" />
    <TestEntry testId="1c629ad1-37c5-25ab-7e2d-83374813777e" executionId="9699ea1f-4fb6-4382-97dd-73a73a66f96f" testListId="8c84fa94-04c1-424b-9868-57a2d4851a1d" />
    <TestEntry testId="07c2db21-8afb-ca79-f67c-3287609062cc" executionId="2f4dc856-5d26-491a-9d45-71126c347d7e" testListId="8c84fa94-04c1-424b-9868-57a2d4851a1d" />
    <TestEntry testId="36964695-51c5-9071-d10b-1c11d272fb03" executionId="50758971-c55c-4f17-9365-8bd7ec6bdae8" testListId="8c84fa94-04c1-424b-9868-57a2d4851a1d" />
  </TestEntries>
  <TestLists>
    <TestList name="Results Not in a List" id="8c84fa94-04c1-424b-9868-57a2d4851a1d" />
    <TestList name="All Loaded Results" id="19431567-8539-422a-85d7-44ee4e166bda" />
  </TestLists>
  <ResultSummary outcome="Completed">
    <Counters total="25" executed="25" passed="25" failed="0" error="0" timeout="0" aborted="0" inconclusive="0" passedButRunAborted="0" notRunnable="0" notExecuted="0" disconnected="0" warning="0" completed="0" inProgress="0" pending="0" />
    <Output>
      <StdOut>[xUnit.net 00:00:00.00] xUnit.net VSTest Adapter v2.4.5+1caef2f33e (64-bit .NET 10.0.12)
[xUnit.net 00:00:00.47]   Discovering: EMF.Tests
[xUnit.net 00:00:00.63]   Discovered:  EMF.Tests
[xUnit.net 00:00:00.64]   Starting:    EMF.Tests
[xUnit.net 00:01:08.02]   Finished:    EMF.Tests
</StdOut>
    </Output>
  </ResultSummary>
</TestRun>