<?xml version="1.0" encoding="utf-8"?>
<TestRun id="15fb3b7b-22c5-45ca-ae14-785edbf616b1" name="@EMF-Dev-VM 2026-09-30 20:19:22" xmlns="http://microsoft.com/schemas/VisualStudio/TeamTest/2010">
  <Times creation="2026-09-30T20:19:22.3573730+00:00" queuing="2026-09-30T20:19:22.3573731+00:00" start="2026-09-30T20:19:20.5912365+00:00" finish="2026-09-30T20:19:30.1680021+00:00" />
  <TestSettings name="default" id="aaae1bf6-363e-4788-a92e-b7cdb436dbc8">
    <Deployment runDeploymentRoot="_EMF-Dev-VM_2026-09-30_20_19_22" />
  </TestSettings>
  <Results>
    <UnitTestResult executionId="6de9c012-af9f-4d73-9dbf-db8488eb4487" testId="6a31dd9c-53e1-ff35-fede-75b42fbf46dd" testName="EMF.Tests.VeteransReviewerStructuredRecordRecoveryTests.IncompleteOrAmbiguousProblemAndFieldSequencesRemainUnchanged(source: &quot;Synthetic problem (SNOMED CT\n\f:123)&quot;)" computerName="EMF-Dev-VM" duration="00:00:00.0001915" startTime="2026-09-30T20:19:22.2824747+00:00" endTime="2026-09-30T20:19:22.2824748+00:00" testType="13cdc9d9-ddb5-4fa4-a97d-d965ccfc6d4b" outcome="Passed" testListId="8c84fa94-04c1-424b-9868-57a2d4851a1d" relativeResultsDirectory="6de9c012-af9f-4d73-9dbf-db8488eb4487" />
    <UnitTestResult executionId="404737b9-bccf-463f-bea0-f89d0bc351e2" testId="371775af-aaa5-11c8-ee5e-87adba9426dd" testName="EMF.Tests.VeteransReviewerStructuredRecordRecoveryTests.CompatibleProviderTokensAcrossAmbiguousBoundariesAreNotJoined(source: &quot;EXAMPLE,\nJANE A, PT DPT\n- 09/25/26\n11:30 EDT&quot;)" computerName="EMF-Dev-VM" duration="00:00:00.0002888" startTime="2026-09-30T20:19:22.2817982+00:00" endTime="2026-09-30T20:19:22.2817983+00:00" testType="13cdc9d9-ddb5-4fa4-a97d-d965ccfc6d4b" outcome="Passed" testListId="8c84fa94-04c1-424b-9868-57a2d4851a1d" relativeResultsDirectory="404737b9-bccf-463f-bea0-f89d0bc351e2" />
    <UnitTestResult executionId="e68d5763-2ce4-4e96-b554-725ab60ccca0" testId="977da151-197f-5e54-01b3-f3fbb883c267" testName="EMF.Tests.VeteransReviewerStructuredRecordRecoveryTests.PowerFormSignaturesAndCompleteProblemRecordsRemainTogetherAcrossOutputPages" computerName="EMF-Dev-VM" duration="00:00:03.1729037" startTime="2026-09-30T20:19:25.9113199+00:00" endTime="2026-09-30T20:19:25.9113202+00:00" testType="13cdc9d9-ddb5-4fa4-a97d-d965ccfc6d4b" outcome="Passed" testListId="8c84fa94-04c1-424b-9868-57a2d4851a1d" relativeResultsDirectory="e68d5763-2ce4-4e96-b554-725ab60ccca0" />
    <UnitTestResult executionId="384bf2ed-23c9-43da-a8c5-46bd73216dfa" testId="770ab265-f65c-6866-3424-b7149f7e869e" testName="EMF.Tests.VeteransReviewerStructuredRecordRecoveryTests.IncompleteOrAmbiguousProblemAndFieldSequencesRemainUnchanged(source: &quot;Name of Problem: X ;\nUnrelated prose\nVocabulary:&quot;...)" computerName="EMF-Dev-VM" duration="00:00:00.0007912" startTime="2026-09-30T20:19:22.3202096+00:00" endTime="2026-09-30T20:19:22.3202097+00:00" testType="13cdc9d9-ddb5-4fa4-a97d-d965ccfc6d4b" outcome="Passed" testListId="8c84fa94-04c1-424b-9868-57a2d4851a1d" relativeResultsDirectory="384bf2ed-23c9-43da-a8c5-46bd73216dfa" />
    <UnitTestResult executionId="d8f1de5c-abef-40aa-a5b8-758183ea3378" testId="d6cfa4cb-1249-c74c-48dd-61474cd81214" testName="EMF.Tests.VeteransReviewerStructuredRecordRecoveryTests.LabRecoveryStopsAtBlankAndSourcePageBoundary(boundary: &quot;\f145&quot;)" computerName="EMF-Dev-VM" duration="00:00:00.0000743" startTime="2026-09-30T20:19:29.8334181+00:00" endTime="2026-09-30T20:19:29.8334181+00:00" testType="13cdc9d9-ddb5-4fa4-a97d-d965ccfc6d4b" outcome="Passed" testListId="8c84fa94-04c1-424b-9868-57a2d4851a1d" relativeResultsDirectory="d8f1de5c-abef-40aa-a5b8-758183ea3378" />
    <UnitTestResult executionId="0d6a1414-5ada-49b9-9925-00eede825643" testId="968d5c27-e9c0-c9fa-48bf-0da303fa1f6b" testName="EMF.Tests.VeteransReviewerStructuredRecordRecoveryTests.CompatibleProviderTokensAcrossAmbiguousBoundariesAreNotJoined(source: &quot;EXAMPLE,\n\fJANE A, PT DPT\n- 09/25/26 11:30\nEDT&quot;)" computerName="EMF-Dev-VM" duration="00:00:00.0009951" startTime="2026-09-30T20:19:22.2812921+00:00" endTime="2026-09-30T20:19:22.2812923+00:00" testType="13cdc9d9-ddb5-4fa4-a97d-d965ccfc6d4b" outcome="Passed" testListId="8c84fa94-04c1-424b-9868-57a2d4851a1d" relativeResultsDirectory="0d6a1414-5ada-49b9-9925-00eede825643" />
    <UnitTestResult executionId="aa2ed94c-2f87-467c-b01e-f13baf18716b" testId="dc07077d-55b5-ac97-2ca9-c697f09b9d21" testName="EMF.Tests.VeteransReviewerStructuredRecordRecoveryTests.FixedWidthHeaderRecoversEmptyUnitsAndPositionedRangeWithoutChangingTokens" computerName="EMF-Dev-VM" duration="00:00:00.0696428" startTime="2026-09-30T20:19:26.1164691+00:00" endTime="2026-09-30T20:19:26.1164693+00:00" testType="13cdc9d9-ddb5-4fa4-a97d-d965ccfc6d4b" outcome="Passed" testListId="8c84fa94-04c1-424b-9868-57a2d4851a1d" relativeResultsDirectory="aa2ed94c-2f87-467c-b01e-f13baf18716b" />
    <UnitTestResult executionId="0deca12c-c1dd-4b8d-a133-b7e015fd02f7" testId="c811dd54-8461-1d93-6207-f513be8be193" testName="EMF.Tests.VeteransReviewerStructuredRecordRecoveryTests.LabRecoveryStopsAtBlankAndSourcePageBoundary(boundary: &quot;&quot;)" computerName="EMF-Dev-VM" duration="00:00:00.0012764" startTime="2026-09-30T20:19:29.8328703+00:00" endTime="2026-09-30T20:19:29.8328705+00:00" testType="13cdc9d9-ddb5-4fa4-a97d-d965ccfc6d4b" outcome="Passed" testListId="8c84fa94-04c1-424b-9868-57a2d4851a1d" relativeResultsDirectory="0deca12c-c1dd-4b8d-a133-b7e015fd02f7" />
    <UnitTestResult executionId="f2600795-68c3-41a9-8a11-ff32567a7875" testId="9a2b217c-429c-f3f5-58cf-f7067b11b20f" testName="EMF.Tests.VeteransReviewerStructuredRecordRecoveryTests.IncompleteOrAmbiguousProblemAndFieldSequencesRemainUnchanged(source: &quot;Synthetic problem (SNOMED CT\n\n:123)&quot;)" computerName="EMF-Dev-VM" duration="00:00:00.0005685" startTime="2026-09-30T20:19:22.2818655+00:00" endTime="2026-09-30T20:19:22.2818655+00:00" testType="13cdc9d9-ddb5-4fa4-a97d-d965ccfc6d4b" outcome="Passed" testListId="8c84fa94-04c1-424b-9868-57a2d4851a1d" relativeResultsDirectory="f2600795-68c3-41a9-8a11-ff32567a7875" />
    <UnitTestResult executionId="e8a92064-fafd-4953-acdf-815c6d260bbc" testId="8cb39888-0c80-336e-5ec6-acc4f5f88d9b" testName="EMF.Tests.VeteransReviewerStructuredRecordRecoveryTests.PowerFormPageMarkerDoesNotAuthorizeColumnsOnLaterUnmarkedPages" computerName="EMF-Dev-VM" duration="00:00:00.0567525" startTime="2026-09-30T20:19:30.0753393+00:00" endTime="2026-09-30T20:19:30.0753395+00:00" testType="13cdc9d9-ddb5-4fa4-a97d-d965ccfc6d4b" outcome="Passed" testListId="8c84fa94-04c1-424b-9868-57a2d4851a1d" relativeResultsDirectory="e8a92064-fafd-4953-acdf-815c6d260bbc" />
    <UnitTestResult executionId="33032db9-a7ae-4fa8-82f1-4757d4990325" testId="bf9d91c8-957c-81e5-5aa2-ac1b3754d60d" testName="EMF.Tests.VeteransReviewerStructuredRecordRecoveryTests.CompleteSnomedAndSemicolonMetadataRecoverWithoutChangingClinicalTokens(prefix: &quot;&quot;)" computerName="EMF-Dev-VM" duration="00:00:00.0711479" startTime="2026-09-30T20:19:26.0457968+00:00" endTime="2026-09-30T20:19:26.0457970+00:00" testType="13cdc9d9-ddb5-4fa4-a97d-d965ccfc6d4b" outcome="Passed" testListId="8c84fa94-04c1-424b-9868-57a2d4851a1d" relativeResultsDirectory="33032db9-a7ae-4fa8-82f1-4757d4990325" />
    <UnitTestResult executionId="56d8e2ea-f525-4705-8b4e-d310a7f80204" testId="b483a8af-cb8d-650e-34e8-e54852cf532d" testName="EMF.Tests.VeteransReviewerStructuredRecordRecoveryTests.IncompleteOrAmbiguousProblemAndFieldSequencesRemainUnchanged(source: &quot;Name of Problem: X ; Code: 123 ;\n\fLast Updated: &quot;...)" computerName="EMF-Dev-VM" duration="00:00:00.0006280" startTime="2026-09-30T20:19:22.3204444+00:00" endTime="2026-09-30T20:19:22.3204445+00:00" testType="13cdc9d9-ddb5-4fa4-a97d-d965ccfc6d4b" outcome="Passed" testListId="8c84fa94-04c1-424b-9868-57a2d4851a1d" relativeResultsDirectory="56d8e2ea-f525-4705-8b4e-d310a7f80204" />
    <UnitTestResult executionId="5d317af7-fef3-46b5-a48b-07f2ec1d735a" testId="ba9b32bf-6182-6f3f-42a6-8476dacada65" testName="EMF.Tests.VeteransReviewerStructuredRecordRecoveryTests.CompatibleProviderTokensAcrossAmbiguousBoundariesAreNotJoined(source: &quot;EXAMPLE,  JANE A, PT DPT\n- 09/25/26 11:30\nEDT&quot;)" computerName="EMF-Dev-VM" duration="00:00:00.0156262" startTime="2026-09-30T20:19:22.2768360+00:00" endTime="2026-09-30T20:19:22.2768559+00:00" testType="13cdc9d9-ddb5-4fa4-a97d-d965ccfc6d4b" outcome="Passed" testListId="8c84fa94-04c1-424b-9868-57a2d4851a1d" relativeResultsDirectory="5d317af7-fef3-46b5-a48b-07f2ec1d735a" />
    <UnitTestResult executionId="ab103d4c-2946-40d8-8567-9e8115141786" testId="3c60a201-1849-c74d-0306-8fd3216028f2" testName="EMF.Tests.VeteransReviewerStructuredRecordRecoveryTests.LabRowsAndUnassignedFragmentsStayAtomicAcrossOutputPageBoundaries(uncertainColumns: True)" computerName="EMF-Dev-VM" duration="00:00:01.7210837" startTime="2026-09-30T20:19:29.8314891+00:00" endTime="2026-09-30T20:19:29.8314893+00:00" testType="13cdc9d9-ddb5-4fa4-a97d-d965ccfc6d4b" outcome="Passed" testListId="8c84fa94-04c1-424b-9868-57a2d4851a1d" relativeResultsDirectory="ab103d4c-2946-40d8-8567-9e8115141786" />
    <UnitTestResult executionId="802415d8-1bf5-4724-a9da-f9337262a381" testId="0be3eb6e-98b3-5e41-24cb-49aa52c3825d" testName="EMF.Tests.VeteransReviewerStructuredRecordRecoveryTests.IncompleteOrAmbiguousProblemAndFieldSequencesRemainUnchanged(source: &quot;Name of Problem: X ; Code: 123 ; Last Updated: 09/&quot;...)" computerName="EMF-Dev-VM" duration="00:00:00.0023422" startTime="2026-09-30T20:19:22.2818785+00:00" endTime="2026-09-30T20:19:22.2818785+00:00" testType="13cdc9d9-ddb5-4fa4-a97d-d965ccfc6d4b" outcome="Passed" testListId="8c84fa94-04c1-424b-9868-57a2d4851a1d" relativeResultsDirectory="802415d8-1bf5-4724-a9da-f9337262a381" />
    <UnitTestResult executionId="0afed4b8-a75a-407d-94f7-18c82ea37c00" testId="727ed747-eed7-8049-5b68-32ccc931af96" testName="EMF.Tests.VeteransReviewerStructuredRecordRecoveryTests.UncertainFixedWidthRowsUseRawAtomicParagraphsWithoutInventingCells" computerName="EMF-Dev-VM" duration="00:00:00.0716342" startTime="2026-09-30T20:19:30.0184038+00:00" endTime="2026-09-30T20:19:30.0184040+00:00" testType="13cdc9d9-ddb5-4fa4-a97d-d965ccfc6d4b" outcome="Passed" testListId="8c84fa94-04c1-424b-9868-57a2d4851a1d" relativeResultsDirectory="0afed4b8-a75a-407d-94f7-18c82ea37c00" />
    <UnitTestResult executionId="50a12a04-4d29-4f1c-a17c-5312fdabce99" testId="9f87d455-2e8a-f799-c666-31e9c7e75dad" testName="EMF.Tests.VeteransReviewerStructuredRecordRecoveryTests.CompatibleProviderTokensAcrossAmbiguousBoundariesAreNotJoined(source: &quot;EXAMPLE,\n\nJANE A, PT DPT\n- 09/25/26 11:30\nEDT&quot;)" computerName="EMF-Dev-VM" duration="00:00:00.0003086" startTime="2026-09-30T20:19:22.2818158+00:00" endTime="2026-09-30T20:19:22.2818158+00:00" testType="13cdc9d9-ddb5-4fa4-a97d-d965ccfc6d4b" outcome="Passed" testListId="8c84fa94-04c1-424b-9868-57a2d4851a1d" relativeResultsDirectory="50a12a04-4d29-4f1c-a17c-5312fdabce99" />
    <UnitTestResult executionId="3790065f-3b0f-4b00-8644-be60df00162a" testId="e1645e12-b70a-bfc8-a322-978912c0237d" testName="EMF.Tests.VeteransReviewerStructuredRecordRecoveryTests.CompleteSnomedAndSemicolonMetadataRecoverWithoutChangingClinicalTokens(prefix: &quot;PowerForm Textual Rendition Notes\n&quot;)" computerName="EMF-Dev-VM" duration="00:00:00.0622806" startTime="2026-09-30T20:19:25.9745164+00:00" endTime="2026-09-30T20:19:25.9745186+00:00" testType="13cdc9d9-ddb5-4fa4-a97d-d965ccfc6d4b" outcome="Passed" testListId="8c84fa94-04c1-424b-9868-57a2d4851a1d" relativeResultsDirectory="3790065f-3b0f-4b00-8644-be60df00162a" />
    <UnitTestResult executionId="ae16356d-8f90-4518-94af-4efc6ef72034" testId="617945c2-335b-32d2-3821-9ee464206def" testName="EMF.Tests.VeteransReviewerStructuredRecordRecoveryTests.RepeatedCompleteProviderSequencesRecoverEvenInPowerForm(prefix: &quot;&quot;)" computerName="EMF-Dev-VM" duration="00:00:00.0517766" startTime="2026-09-30T20:19:29.9465695+00:00" endTime="2026-09-30T20:19:29.9465698+00:00" testType="13cdc9d9-ddb5-4fa4-a97d-d965ccfc6d4b" outcome="Passed" testListId="8c84fa94-04c1-424b-9868-57a2d4851a1d" relativeResultsDirectory="ae16356d-8f90-4518-94af-4efc6ef72034" />
    <UnitTestResult executionId="0b822ea2-e9cd-4fb4-a5f3-1ac409a48ca2" testId="30dea444-a87b-b8c4-e604-fe345cdce97a" testName="EMF.Tests.VeteransReviewerStructuredRecordRecoveryTests.LabRowsAndUnassignedFragmentsStayAtomicAcrossOutputPageBoundaries(uncertainColumns: False)" computerName="EMF-Dev-VM" duration="00:00:01.9943880" startTime="2026-09-30T20:19:28.1102001+00:00" endTime="2026-09-30T20:19:28.1102004+00:00" testType="13cdc9d9-ddb5-4fa4-a97d-d965ccfc6d4b" outcome="Passed" testListId="8c84fa94-04c1-424b-9868-57a2d4851a1d" relativeResultsDirectory="0b822ea2-e9cd-4fb4-a5f3-1ac409a48ca2" />
    <UnitTestResult executionId="30e53a30-b117-47a6-bed1-685058d9709e" testId="3dde7b96-3229-1cd6-936e-026668206a62" testName="EMF.Tests.VeteransReviewerStructuredRecordRecoveryTests.IncompleteOrAmbiguousProblemAndFieldSequencesRemainUnchanged(source: &quot;Reason for Study:\n\fweakness&quot;)" computerName="EMF-Dev-VM" duration="00:00:00.0006950" startTime="2026-09-30T20:19:22.2818932+00:00" endTime="2026-09-30T20:19:22.2818932+00:00" testType="13cdc9d9-ddb5-4fa4-a97d-d965ccfc6d4b" outcome="Passed" testListId="8c84fa94-04c1-424b-9868-57a2d4851a1d" relativeResultsDirectory="30e53a30-b117-47a6-bed1-685058d9709e" />
    <UnitTestResult executionId="d178badd-dbaf-430b-921f-f3ffda4403f5" testId="b3bc1d7d-ee25-17e4-9398-889f30a0c966" testName="EMF.Tests.VeteransReviewerStructuredRecordRecoveryTests.RepeatedCompleteProviderSequencesRecoverEvenInPowerForm(prefix: &quot;PowerForm Textual Rendition Notes\n&quot;)" computerName="EMF-Dev-VM" duration="00:00:00.0610508" startTime="2026-09-30T20:19:29.8946585+00:00" endTime="2026-09-30T20:19:29.8946588+00:00" testType="13cdc9d9-ddb5-4fa4-a97d-d965ccfc6d4b" outcome="Passed" testListId="8c84fa94-04c1-424b-9868-57a2d4851a1d" relativeResultsDirectory="d178badd-dbaf-430b-921f-f3ffda4403f5" />
    <UnitTestResult executionId="a49d7fb3-8774-4faa-8b25-ac2c330288b1" testId="f7e8ce79-4ffa-6f2d-5bd2-9370aee7a4e8" testName="EMF.Tests.VeteransReviewerStructuredRecordRecoveryTests.AmbiguousLabRowInvalidatesHeaderRatherThanRecoveringLaterRows" computerName="EMF-Dev-VM" duration="00:00:00.0028031" startTime="2026-09-30T20:19:22.7375719+00:00" endTime="2026-09-30T20:19:22.7375721+00:00" testType="13cdc9d9-ddb5-4fa4-a97d-d965ccfc6d4b" outcome="Passed" testListId="8c84fa94-04c1-424b-9868-57a2d4851a1d" relativeResultsDirectory="a49d7fb3-8774-4faa-8b25-ac2c330288b1" />
    <UnitTestResult executionId="5ea0563f-8f1a-4321-92bf-bafcc0c15cb3" testId="533ac739-363a-6947-2dcd-244b34834f9c" testName="EMF.Tests.VeteransReviewerStructuredRecordRecoveryTests.IncompleteOrAmbiguousProblemAndFieldSequencesRemainUnchanged(source: &quot;Name of Problem: X ; Code: 123 ;\n\nLast Updated: &quot;...)" computerName="EMF-Dev-VM" duration="00:00:00.0002204" startTime="2026-09-30T20:19:22.3204634+00:00" endTime="2026-09-30T20:19:22.3204634+00:00" testType="13cdc9d9-ddb5-4fa4-a97d-d965ccfc6d4b" outcome="Passed" testListId="8c84fa94-04c1-424b-9868-57a2d4851a1d" relativeResultsDirectory="5ea0563f-8f1a-4321-92bf-bafcc0c15cb3" />
    <UnitTestResult executionId="38d5fc52-1404-4f5b-9630-ce535d79ed31" testId="41931a1d-5e8b-451a-8fea-fd8b268ce0a2" testName="EMF.Tests.VeteransReviewerStructuredRecordRecoveryTests.UnpositionedScalarRemainsUnassignedAndKeepsRawSourceOrder" computerName="EMF-Dev-VM" duration="00:00:00.4500250" startTime="2026-09-30T20:19:22.7354886+00:00" endTime="2026-09-30T20:19:22.7354888+00:00" testType="13cdc9d9-ddb5-4fa4-a97d-d965ccfc6d4b" outcome="Passed" testListId="8c84fa94-04c1-424b-9868-57a2d4851a1d" relativeResultsDirectory="38d5fc52-1404-4f5b-9630-ce535d79ed31" />
    <UnitTestResult executionId="574d0ab0-36b2-44cb-a106-5be9a6c8a424" testId="bb537843-738b-ac51-7dc0-42ca9e5880bc" testName="EMF.Tests.VeteransReviewerStructuredRecordRecoveryTests.CompatibleProviderTokensAcrossAmbiguousBoundariesAreNotJoined(source: &quot;EXAMPLE,\tJANE A, PT DPT\n- 09/25/26 11:30\nEDT&quot;)" computerName="EMF-Dev-VM" duration="00:00:00.0002381" startTime="2026-09-30T20:19:22.2817649+00:00" endTime="2026-09-30T20:19:22.2817649+00:00" testType="13cdc9d9-ddb5-4fa4-a97d-d965ccfc6d4b" outcome="Passed" testListId="8c84fa94-04c1-424b-9868-57a2d4851a1d" relativeResultsDirectory="574d0ab0-36b2-44cb-a106-5be9a6c8a424" />
    <UnitTestResult executionId="b0998451-457f-4951-89a9-4a86d072fb51" testId="bf657c87-e2e7-8261-5cb1-56b547bae010" testName="EMF.Tests.VeteransReviewerStructuredRecordRecoveryTests.LabRecoveryStopsAtBlankAndSourcePageBoundary(boundary: &quot;\f&quot;)" computerName="EMF-Dev-VM" duration="00:00:00.0003617" startTime="2026-09-30T20:19:29.8332978+00:00" endTime="2026-09-30T20:19:29.8332978+00:00" testType="13cdc9d9-ddb5-4fa4-a97d-d965ccfc6d4b" outcome="Passed" testListId="8c84fa94-04c1-424b-9868-57a2d4851a1d" relativeResultsDirectory="b0998451-457f-4951-89a9-4a86d072fb51" />
  </Results>
  <TestDefinitions>
    <UnitTest name="EMF.Tests.VeteransReviewerStructuredRecordRecoveryTests.UncertainFixedWidthRowsUseRawAtomicParagraphsWithoutInventingCells" storage="/home/michael/emf_project/tests/emf.tests/bin/debug/net10.0/emf.tests.dll" id="727ed747-eed7-8049-5b68-32ccc931af96">
      <Execution id="0afed4b8-a75a-407d-94f7-18c82ea37c00" />
      <TestMethod codeBase="/home/michael/EMF_Project/tests/EMF.Tests/bin/Debug/net10.0/EMF.Tests.dll" adapterTypeName="executor://xunit/VsTestRunner2/netcoreapp" className="EMF.Tests.VeteransReviewerStructuredRecordRecoveryTests" name="UncertainFixedWidthRowsUseRawAtomicParagraphsWithoutInventingCells" />
    </UnitTest>
    <UnitTest name="EMF.Tests.VeteransReviewerStructuredRecordRecoveryTests.LabRowsAndUnassignedFragmentsStayAtomicAcrossOutputPageBoundaries(uncertainColumns: False)" storage="/home/michael/emf_project/tests/emf.tests/bin/debug/net10.0/emf.tests.dll" id="30dea444-a87b-b8c4-e604-fe345cdce97a">
      <Execution id="0b822ea2-e9cd-4fb4-a5f3-1ac409a48ca2" />
      <TestMethod codeBase="/home/michael/EMF_Project/tests/EMF.Tests/bin/Debug/net10.0/EMF.Tests.dll" adapterTypeName="executor://xunit/VsTestRunner2/netcoreapp" className="EMF.Tests.VeteransReviewerStructuredRecordRecoveryTests" name="LabRowsAndUnassignedFragmentsStayAtomicAcrossOutputPageBoundaries" />
    </UnitTest>
    <UnitTest name="EMF.Tests.VeteransReviewerStructuredRecordRecoveryTests.UnpositionedScalarRemainsUnassignedAndKeepsRawSourceOrder" storage="/home/michael/emf_project/tests/emf.tests/bin/debug/net10.0/emf.tests.dll" id="41931a1d-5e8b-451a-8fea-fd8b268ce0a2">
      <Execution id="38d5fc52-1404-4f5b-9630-ce535d79ed31" />
      <TestMethod codeBase="/home/michael/EMF_Project/tests/EMF.Tests/bin/Debug/net10.0/EMF.Tests.dll" adapterTypeName="executor://xunit/VsTestRunner2/netcoreapp" className="EMF.Tests.VeteransReviewerStructuredRecordRecoveryTests" name="UnpositionedScalarRemainsUnassignedAndKeepsRawSourceOrder" />
    </UnitTest>
    <UnitTest name="EMF.Tests.VeteransReviewerStructuredRecordRecoveryTests.CompatibleProviderTokensAcrossAmbiguousBoundariesAreNotJoined(source: &quot;EXAMPLE,\tJANE A, PT DPT\n- 09/25/26 11:30\nEDT&quot;)" storage="/home/michael/emf_project/tests/emf.tests/bin/debug/net10.0/emf.tests.dll" id="bb537843-738b-ac51-7dc0-42ca9e5880bc">
      <Execution id="574d0ab0-36b2-44cb-a106-5be9a6c8a424" />
      <TestMethod codeBase="/home/michael/EMF_Project/tests/EMF.Tests/bin/Debug/net10.0/EMF.Tests.dll" adapterTypeName="executor://xunit/VsTestRunner2/netcoreapp" className="EMF.Tests.VeteransReviewerStructuredRecordRecoveryTests" name="CompatibleProviderTokensAcrossAmbiguousBoundariesAreNotJoined" />
    </UnitTest>
    <UnitTest name="EMF.Tests.VeteransReviewerStructuredRecordRecoveryTests.LabRecoveryStopsAtBlankAndSourcePageBoundary(boundary: &quot;\f145&quot;)" storage="/home/michael/emf_project/tests/emf.tests/bin/debug/net10.0/emf.tests.dll" id="d6cfa4cb-1249-c74c-48dd-61474cd81214">
      <Execution id="d8f1de5c-abef-40aa-a5b8-758183ea3378" />
      <TestMethod codeBase="/home/michael/EMF_Project/tests/EMF.Tests/bin/Debug/net10.0/EMF.Tests.dll" adapterTypeName="executor://xunit/VsTestRunner2/netcoreapp" className="EMF.Tests.VeteransReviewerStructuredRecordRecoveryTests" name="LabRecoveryStopsAtBlankAndSourcePageBoundary" />
    </UnitTest>
    <UnitTest name="EMF.Tests.VeteransReviewerStructuredRecordRecoveryTests.IncompleteOrAmbiguousProblemAndFieldSequencesRemainUnchanged(source: &quot;Name of Problem: X ; Code: 123 ;\n\fLast Updated: &quot;...)" storage="/home/michael/emf_project/tests/emf.tests/bin/debug/net10.0/emf.tests.dll" id="b483a8af-cb8d-650e-34e8-e54852cf532d">
      <Execution id="56d8e2ea-f525-4705-8b4e-d310a7f80204" />
      <TestMethod codeBase="/home/michael/EMF_Project/tests/EMF.Tests/bin/Debug/net10.0/EMF.Tests.dll" adapterTypeName="executor://xunit/VsTestRunner2/netcoreapp" className="EMF.Tests.VeteransReviewerStructuredRecordRecoveryTests" name="IncompleteOrAmbiguousProblemAndFieldSequencesRemainUnchanged" />
    </UnitTest>
    <UnitTest name="EMF.Tests.VeteransReviewerStructuredRecordRecoveryTests.IncompleteOrAmbiguousProblemAndFieldSequencesRemainUnchanged(source: &quot;Name of Problem: X ;\nUnrelated prose\nVocabulary:&quot;...)" storage="/home/michael/emf_project/tests/emf.tests/bin/debug/net10.0/emf.tests.dll" id="770ab265-f65c-6866-3424-b7149f7e869e">
      <Execution id="384bf2ed-23c9-43da-a8c5-46bd73216dfa" />
      <TestMethod codeBase="/home/michael/EMF_Project/tests/EMF.Tests/bin/Debug/net10.0/EMF.Tests.dll" adapterTypeName="executor://xunit/VsTestRunner2/netcoreapp" className="EMF.Tests.VeteransReviewerStructuredRecordRecoveryTests" name="IncompleteOrAmbiguousProblemAndFieldSequencesRemainUnchanged" />
    </UnitTest>
    <UnitTest name="EMF.Tests.VeteransReviewerStructuredRecordRecoveryTests.PowerFormPageMarkerDoesNotAuthorizeColumnsOnLaterUnmarkedPages" storage="/home/michael/emf_project/tests/emf.tests/bin/debug/net10.0/emf.tests.dll" id="8cb39888-0c80-336e-5ec6-acc4f5f88d9b">
      <Execution id="e8a92064-fafd-4953-acdf-815c6d260bbc" />
      <TestMethod codeBase="/home/michael/EMF_Project/tests/EMF.Tests/bin/Debug/net10.0/EMF.Tests.dll" adapterTypeName="executor://xunit/VsTestRunner2/netcoreapp" className="EMF.Tests.VeteransReviewerStructuredRecordRecoveryTests" name="PowerFormPageMarkerDoesNotAuthorizeColumnsOnLaterUnmarkedPages" />
    </UnitTest>
    <UnitTest name="EMF.Tests.VeteransReviewerStructuredRecordRecoveryTests.CompleteSnomedAndSemicolonMetadataRecoverWithoutChangingClinicalTokens(prefix: &quot;PowerForm Textual Rendition Notes\n&quot;)" storage="/home/michael/emf_project/tests/emf.tests/bin/debug/net10.0/emf.tests.dll" id="e1645e12-b70a-bfc8-a322-978912c0237d">
      <Execution id="3790065f-3b0f-4b00-8644-be60df00162a" />
      <TestMethod codeBase="/home/michael/EMF_Project/tests/EMF.Tests/bin/Debug/net10.0/EMF.Tests.dll" adapterTypeName="executor://xunit/VsTestRunner2/netcoreapp" className="EMF.Tests.VeteransReviewerStructuredRecordRecoveryTests" name="CompleteSnomedAndSemicolonMetadataRecoverWithoutChangingClinicalTokens" />
    </UnitTest>
    <UnitTest name="EMF.Tests.VeteransReviewerStructuredRecordRecoveryTests.AmbiguousLabRowInvalidatesHeaderRatherThanRecoveringLaterRows" storage="/home/michael/emf_project/tests/emf.tests/bin/debug/net10.0/emf.tests.dll" id="f7e8ce79-4ffa-6f2d-5bd2-9370aee7a4e8">
      <Execution id="a49d7fb3-8774-4faa-8b25-ac2c330288b1" />
      <TestMethod codeBase="/home/michael/EMF_Project/tests/EMF.Tests/bin/Debug/net10.0/EMF.Tests.dll" adapterTypeName="executor://xunit/VsTestRunner2/netcoreapp" className="EMF.Tests.VeteransReviewerStructuredRecordRecoveryTests" name="AmbiguousLabRowInvalidatesHeaderRatherThanRecoveringLaterRows" />
    </UnitTest>
    <UnitTest name="EMF.Tests.VeteransReviewerStructuredRecordRecoveryTests.LabRecoveryStopsAtBlankAndSourcePageBoundary(boundary: &quot;&quot;)" storage="/home/michael/emf_project/tests/emf.tests/bin/debug/net10.0/emf.tests.dll" id="c811dd54-8461-1d93-6207-f513be8be193">
      <Execution id="0deca12c-c1dd-4b8d-a133-b7e015fd02f7" />
      <TestMethod codeBase="/home/michael/EMF_Project/tests/EMF.Tests/bin/Debug/net10.0/EMF.Tests.dll" adapterTypeName="executor://xunit/VsTestRunner2/netcoreapp" className="EMF.Tests.VeteransReviewerStructuredRecordRecoveryTests" name="LabRecoveryStopsAtBlankAndSourcePageBoundary" />
    </UnitTest>
    <UnitTest name="EMF.Tests.VeteransReviewerStructuredRecordRecoveryTests.LabRowsAndUnassignedFragmentsStayAtomicAcrossOutputPageBoundaries(uncertainColumns: True)" storage="/home/michael/emf_project/tests/emf.tests/bin/debug/net10.0/emf.tests.dll" id="3c60a201-1849-c74d-0306-8fd3216028f2">
      <Execution id="ab103d4c-2946-40d8-8567-9e8115141786" />
      <TestMethod codeBase="/home/michael/EMF_Project/tests/EMF.Tests/bin/Debug/net10.0/EMF.Tests.dll" adapterTypeName="executor://xunit/VsTestRunner2/netcoreapp" className="EMF.Tests.VeteransReviewerStructuredRecordRecoveryTests" name="LabRowsAndUnassignedFragmentsStayAtomicAcrossOutputPageBoundaries" />
    </UnitTest>
    <UnitTest name="EMF.Tests.VeteransReviewerStructuredRecordRecoveryTests.RepeatedCompleteProviderSequencesRecoverEvenInPowerForm(prefix: &quot;PowerForm Textual Rendition Notes\n&quot;)" storage="/home/michael/emf_project/tests/emf.tests/bin/debug/net10.0/emf.tests.dll" id="b3bc1d7d-ee25-17e4-9398-889f30a0c966">
      <Execution id="d178badd-dbaf-430b-921f-f3ffda4403f5" />
      <TestMethod codeBase="/home/michael/EMF_Project/tests/EMF.Tests/bin/Debug/net10.0/EMF.Tests.dll" adapterTypeName="executor://xunit/VsTestRunner2/netcoreapp" className="EMF.Tests.VeteransReviewerStructuredRecordRecoveryTests" name="RepeatedCompleteProviderSequencesRecoverEvenInPowerForm" />
    </UnitTest>
    <UnitTest name="EMF.Tests.VeteransReviewerStructuredRecordRecoveryTests.CompleteSnomedAndSemicolonMetadataRecoverWithoutChangingClinicalTokens(prefix: &quot;&quot;)" storage="/home/michael/emf_project/tests/emf.tests/bin/debug/net10.0/emf.tests.dll" id="bf9d91c8-957c-81e5-5aa2-ac1b3754d60d">
      <Execution id="33032db9-a7ae-4fa8-82f1-4757d4990325" />
      <TestMethod codeBase="/home/michael/EMF_Project/tests/EMF.Tests/bin/Debug/net10.0/EMF.Tests.dll" adapterTypeName="executor://xunit/VsTestRunner2/netcoreapp" className="EMF.Tests.VeteransReviewerStructuredRecordRecoveryTests" name="CompleteSnomedAndSemicolonMetadataRecoverWithoutChangingClinicalTokens" />
    </UnitTest>
    <UnitTest name="EMF.Tests.VeteransReviewerStructuredRecordRecoveryTests.CompatibleProviderTokensAcrossAmbiguousBoundariesAreNotJoined(source: &quot;EXAMPLE,\n\fJANE A, PT DPT\n- 09/25/26 11:30\nEDT&quot;)" storage="/home/michael/emf_project/tests/emf.tests/bin/debug/net10.0/emf.tests.dll" id="968d5c27-e9c0-c9fa-48bf-0da303fa1f6b">
      <Execution id="0d6a1414-5ada-49b9-9925-00eede825643" />
      <TestMethod codeBase="/home/michael/EMF_Project/tests/EMF.Tests/bin/Debug/net10.0/EMF.Tests.dll" adapterTypeName="executor://xunit/VsTestRunner2/netcoreapp" className="EMF.Tests.VeteransReviewerStructuredRecordRecoveryTests" name="CompatibleProviderTokensAcrossAmbiguousBoundariesAreNotJoined" />
    </UnitTest>
    <UnitTest name="EMF.Tests.VeteransReviewerStructuredRecordRecoveryTests.IncompleteOrAmbiguousProblemAndFieldSequencesRemainUnchanged(source: &quot;Synthetic problem (SNOMED CT\n\n:123)&quot;)" storage="/home/michael/emf_project/tests/emf.tests/bin/debug/net10.0/emf.tests.dll" id="9a2b217c-429c-f3f5-58cf-f7067b11b20f">
      <Execution id="f2600795-68c3-41a9-8a11-ff32567a7875" />
      <TestMethod codeBase="/home/michael/EMF_Project/tests/EMF.Tests/bin/Debug/net10.0/EMF.Tests.dll" adapterTypeName="executor://xunit/VsTestRunner2/netcoreapp" className="EMF.Tests.VeteransReviewerStructuredRecordRecoveryTests" name="IncompleteOrAmbiguousProblemAndFieldSequencesRemainUnchanged" />
    </UnitTest>
    <UnitTest name="EMF.Tests.VeteransReviewerStructuredRecordRecoveryTests.LabRecoveryStopsAtBlankAndSourcePageBoundary(boundary: &quot;\f&quot;)" storage="/home/michael/emf_project/tests/emf.tests/bin/debug/net10.0/emf.tests.dll" id="bf657c87-e2e7-8261-5cb1-56b547bae010">
      <Execution id="b0998451-457f-4951-89a9-4a86d072fb51" />
      <TestMethod codeBase="/home/michael/EMF_Project/tests/EMF.Tests/bin/Debug/net10.0/EMF.Tests.dll" adapterTypeName="executor://xunit/VsTestRunner2/netcoreapp" className="EMF.Tests.VeteransReviewerStructuredRecordRecoveryTests" name="LabRecoveryStopsAtBlankAndSourcePageBoundary" />
    </UnitTest>
    <UnitTest name="EMF.Tests.VeteransReviewerStructuredRecordRecoveryTests.IncompleteOrAmbiguousProblemAndFieldSequencesRemainUnchanged(source: &quot;Name of Problem: X ; Code: 123 ;\n\nLast Updated: &quot;...)" storage="/home/michael/emf_project/tests/emf.tests/bin/debug/net10.0/emf.tests.dll" id="533ac739-363a-6947-2dcd-244b34834f9c">
      <Execution id="5ea0563f-8f1a-4321-92bf-bafcc0c15cb3" />
      <TestMethod codeBase="/home/michael/EMF_Project/tests/EMF.Tests/bin/Debug/net10.0/EMF.Tests.dll" adapterTypeName="executor://xunit/VsTestRunner2/netcoreapp" className="EMF.Tests.VeteransReviewerStructuredRecordRecoveryTests" name="IncompleteOrAmbiguousProblemAndFieldSequencesRemainUnchanged" />
    </UnitTest>
    <UnitTest name="EMF.Tests.VeteransReviewerStructuredRecordRecoveryTests.IncompleteOrAmbiguousProblemAndFieldSequencesRemainUnchanged(source: &quot;Reason for Study:\n\fweakness&quot;)" storage="/home/michael/emf_project/tests/emf.tests/bin/debug/net10.0/emf.tests.dll" id="3dde7b96-3229-1cd6-936e-026668206a62">
      <Execution id="30e53a30-b117-47a6-bed1-685058d9709e" />
      <TestMethod codeBase="/home/michael/EMF_Project/tests/EMF.Tests/bin/Debug/net10.0/EMF.Tests.dll" adapterTypeName="executor://xunit/VsTestRunner2/netcoreapp" className="EMF.Tests.VeteransReviewerStructuredRecordRecoveryTests" name="IncompleteOrAmbiguousProblemAndFieldSequencesRemainUnchanged" />
    </UnitTest>
    <UnitTest name="EMF.Tests.VeteransReviewerStructuredRecordRecoveryTests.FixedWidthHeaderRecoversEmptyUnitsAndPositionedRangeWithoutChangingTokens" storage="/home/michael/emf_project/tests/emf.tests/bin/debug/net10.0/emf.tests.dll" id="dc07077d-55b5-ac97-2ca9-c697f09b9d21">
      <Execution id="aa2ed94c-2f87-467c-b01e-f13baf18716b" />
      <TestMethod codeBase="/home/michael/EMF_Project/tests/EMF.Tests/bin/Debug/net10.0/EMF.Tests.dll" adapterTypeName="executor://xunit/VsTestRunner2/netcoreapp" className="EMF.Tests.VeteransReviewerStructuredRecordRecoveryTests" name="FixedWidthHeaderRecoversEmptyUnitsAndPositionedRangeWithoutChangingTokens" />
    </UnitTest>
    <UnitTest name="EMF.Tests.VeteransReviewerStructuredRecordRecoveryTests.CompatibleProviderTokensAcrossAmbiguousBoundariesAreNotJoined(source: &quot;EXAMPLE,\n\nJANE A, PT DPT\n- 09/25/26 11:30\nEDT&quot;)" storage="/home/michael/emf_project/tests/emf.tests/bin/debug/net10.0/emf.tests.dll" id="9f87d455-2e8a-f799-c666-31e9c7e75dad">
      <Execution id="50a12a04-4d29-4f1c-a17c-5312fdabce99" />
      <TestMethod codeBase="/home/michael/EMF_Project/tests/EMF.Tests/bin/Debug/net10.0/EMF.Tests.dll" adapterTypeName="executor://xunit/VsTestRunner2/netcoreapp" className="EMF.Tests.VeteransReviewerStructuredRecordRecoveryTests" name="CompatibleProviderTokensAcrossAmbiguousBoundariesAreNotJoined" />
    </UnitTest>
    <UnitTest name="EMF.Tests.VeteransReviewerStructuredRecordRecoveryTests.CompatibleProviderTokensAcrossAmbiguousBoundariesAreNotJoined(source: &quot;EXAMPLE,  JANE A, PT DPT\n- 09/25/26 11:30\nEDT&quot;)" storage="/home/michael/emf_project/tests/emf.tests/bin/debug/net10.0/emf.tests.dll" id="ba9b32bf-6182-6f3f-42a6-8476dacada65">
      <Execution id="5d317af7-fef3-46b5-a48b-07f2ec1d735a" />
      <TestMethod codeBase="/home/michael/EMF_Project/tests/EMF.Tests/bin/Debug/net10.0/EMF.Tests.dll" adapterTypeName="executor://xunit/VsTestRunner2/netcoreapp" className="EMF.Tests.VeteransReviewerStructuredRecordRecoveryTests" name="CompatibleProviderTokensAcrossAmbiguousBoundariesAreNotJoined" />
    </UnitTest>
    <UnitTest name="EMF.Tests.VeteransReviewerStructuredRecordRecoveryTests.CompatibleProviderTokensAcrossAmbiguousBoundariesAreNotJoined(source: &quot;EXAMPLE,\nJANE A, PT DPT\n- 09/25/26\n11:30 EDT&quot;)" storage="/home/michael/emf_project/tests/emf.tests/bin/debug/net10.0/emf.tests.dll" id="371775af-aaa5-11c8-ee5e-87adba9426dd">
      <Execution id="404737b9-bccf-463f-bea0-f89d0bc351e2" />
      <TestMethod codeBase="/home/michael/EMF_Project/tests/EMF.Tests/bin/Debug/net10.0/EMF.Tests.dll" adapterTypeName="executor://xunit/VsTestRunner2/netcoreapp" className="EMF.Tests.VeteransReviewerStructuredRecordRecoveryTests" name="CompatibleProviderTokensAcrossAmbiguousBoundariesAreNotJoined" />
    </UnitTest>
    <UnitTest name="EMF.Tests.VeteransReviewerStructuredRecordRecoveryTests.IncompleteOrAmbiguousProblemAndFieldSequencesRemainUnchanged(source: &quot;Synthetic problem (SNOMED CT\n\f:123)&quot;)" storage="/home/michael/emf_project/tests/emf.tests/bin/debug/net10.0/emf.tests.dll" id="6a31dd9c-53e1-ff35-fede-75b42fbf46dd">
      <Execution id="6de9c012-af9f-4d73-9dbf-db8488eb4487" />
      <TestMethod codeBase="/home/michael/EMF_Project/tests/EMF.Tests/bin/Debug/net10.0/EMF.Tests.dll" adapterTypeName="executor://xunit/VsTestRunner2/netcoreapp" className="EMF.Tests.VeteransReviewerStructuredRecordRecoveryTests" name="IncompleteOrAmbiguousProblemAndFieldSequencesRemainUnchanged" />
    </UnitTest>
    <UnitTest name="EMF.Tests.VeteransReviewerStructuredRecordRecoveryTests.RepeatedCompleteProviderSequencesRecoverEvenInPowerForm(prefix: &quot;&quot;)" storage="/home/michael/emf_project/tests/emf.tests/bin/debug/net10.0/emf.tests.dll" id="617945c2-335b-32d2-3821-9ee464206def">
      <Execution id="ae16356d-8f90-4518-94af-4efc6ef72034" />
      <TestMethod codeBase="/home/michael/EMF_Project/tests/EMF.Tests/bin/Debug/net10.0/EMF.Tests.dll" adapterTypeName="executor://xunit/VsTestRunner2/netcoreapp" className="EMF.Tests.VeteransReviewerStructuredRecordRecoveryTests" name="RepeatedCompleteProviderSequencesRecoverEvenInPowerForm" />
    </UnitTest>
    <UnitTest name="EMF.Tests.VeteransReviewerStructuredRecordRecoveryTests.PowerFormSignaturesAndCompleteProblemRecordsRemainTogetherAcrossOutputPages" storage="/home/michael/emf_project/tests/emf.tests/bin/debug/net10.0/emf.tests.dll" id="977da151-197f-5e54-01b3-f3fbb883c267">
      <Execution id="e68d5763-2ce4-4e96-b554-725ab60ccca0" />
      <TestMethod codeBase="/home/michael/EMF_Project/tests/EMF.Tests/bin/Debug/net10.0/EMF.Tests.dll" adapterTypeName="executor://xunit/VsTestRunner2/netcoreapp" className="EMF.Tests.VeteransReviewerStructuredRecordRecoveryTests" name="PowerFormSignaturesAndCompleteProblemRecordsRemainTogetherAcrossOutputPages" />
    </UnitTest>
    <UnitTest name="EMF.Tests.VeteransReviewerStructuredRecordRecoveryTests.IncompleteOrAmbiguousProblemAndFieldSequencesRemainUnchanged(source: &quot;Name of Problem: X ; Code: 123 ; Last Updated: 09/&quot;...)" storage="/home/michael/emf_project/tests/emf.tests/bin/debug/net10.0/emf.tests.dll" id="0be3eb6e-98b3-5e41-24cb-49aa52c3825d">
      <Execution id="802415d8-1bf5-4724-a9da-f9337262a381" />
      <TestMethod codeBase="/home/michael/EMF_Project/tests/EMF.Tests/bin/Debug/net10.0/EMF.Tests.dll" adapterTypeName="executor://xunit/VsTestRunner2/netcoreapp" className="EMF.Tests.VeteransReviewerStructuredRecordRecoveryTests" name="IncompleteOrAmbiguousProblemAndFieldSequencesRemainUnchanged" />
    </UnitTest>
  </TestDefinitions>
  <TestEntries>
    <TestEntry testId="6a31dd9c-53e1-ff35-fede-75b42fbf46dd" executionId="6de9c012-af9f-4d73-9dbf-db8488eb4487" testListId="8c84fa94-04c1-424b-9868-57a2d4851a1d" />
    <TestEntry testId="371775af-aaa5-11c8-ee5e-87adba9426dd" executionId="404737b9-bccf-463f-bea0-f89d0bc351e2" testListId="8c84fa94-04c1-424b-9868-57a2d4851a1d" />
    <TestEntry testId="977da151-197f-5e54-01b3-f3fbb883c267" executionId="e68d5763-2ce4-4e96-b554-725ab60ccca0" testListId="8c84fa94-04c1-424b-9868-57a2d4851a1d" />
    <TestEntry testId="770ab265-f65c-6866-3424-b7149f7e869e" executionId="384bf2ed-23c9-43da-a8c5-46bd73216dfa" testListId="8c84fa94-04c1-424b-9868-57a2d4851a1d" />
    <TestEntry testId="d6cfa4cb-1249-c74c-48dd-61474cd81214" executionId="d8f1de5c-abef-40aa-a5b8-758183ea3378" testListId="8c84fa94-04c1-424b-9868-57a2d4851a1d" />
    <TestEntry testId="968d5c27-e9c0-c9fa-48bf-0da303fa1f6b" executionId="0d6a1414-5ada-49b9-9925-00eede825643" testListId="8c84fa94-04c1-424b-9868-57a2d4851a1d" />
    <TestEntry testId="dc07077d-55b5-ac97-2ca9-c697f09b9d21" executionId="aa2ed94c-2f87-467c-b01e-f13baf18716b" testListId="8c84fa94-04c1-424b-9868-57a2d4851a1d" />
    <TestEntry testId="c811dd54-8461-1d93-6207-f513be8be193" executionId="0deca12c-c1dd-4b8d-a133-b7e015fd02f7" testListId="8c84fa94-04c1-424b-9868-57a2d4851a1d" />
    <TestEntry testId="9a2b217c-429c-f3f5-58cf-f7067b11b20f" executionId="f2600795-68c3-41a9-8a11-ff32567a7875" testListId="8c84fa94-04c1-424b-9868-57a2d4851a1d" />
    <TestEntry testId="8cb39888-0c80-336e-5ec6-acc4f5f88d9b" executionId="e8a92064-fafd-4953-acdf-815c6d260bbc" testListId="8c84fa94-04c1-424b-9868-57a2d4851a1d" />
    <TestEntry testId="bf9d91c8-957c-81e5-5aa2-ac1b3754d60d" executionId="33032db9-a7ae-4fa8-82f1-4757d4990325" testListId="8c84fa94-04c1-424b-9868-57a2d4851a1d" />
    <TestEntry testId="b483a8af-cb8d-650e-34e8-e54852cf532d" executionId="56d8e2ea-f525-4705-8b4e-d310a7f80204" testListId="8c84fa94-04c1-424b-9868-57a2d4851a1d" />
    <TestEntry testId="ba9b32bf-6182-6f3f-42a6-8476dacada65" executionId="5d317af7-fef3-46b5-a48b-07f2ec1d735a" testListId="8c84fa94-04c1-424b-9868-57a2d4851a1d" />
    <TestEntry testId="3c60a201-1849-c74d-0306-8fd3216028f2" executionId="ab103d4c-2946-40d8-8567-9e8115141786" testListId="8c84fa94-04c1-424b-9868-57a2d4851a1d" />
    <TestEntry testId="0be3eb6e-98b3-5e41-24cb-49aa52c3825d" executionId="802415d8-1bf5-4724-a9da-f9337262a381" testListId="8c84fa94-04c1-424b-9868-57a2d4851a1d" />
    <TestEntry testId="727ed747-eed7-8049-5b68-32ccc931af96" executionId="0afed4b8-a75a-407d-94f7-18c82ea37c00" testListId="8c84fa94-04c1-424b-9868-57a2d4851a1d" />
    <TestEntry testId="9f87d455-2e8a-f799-c666-31e9c7e75dad" executionId="50a12a04-4d29-4f1c-a17c-5312fdabce99" testListId="8c84fa94-04c1-424b-9868-57a2d4851a1d" />
    <TestEntry testId="e1645e12-b70a-bfc8-a322-978912c0237d" executionId="3790065f-3b0f-4b00-8644-be60df00162a" testListId="8c84fa94-04c1-424b-9868-57a2d4851a1d" />
    <TestEntry testId="617945c2-335b-32d2-3821-9ee464206def" executionId="ae16356d-8f90-4518-94af-4efc6ef72034" testListId="8c84fa94-04c1-424b-9868-57a2d4851a1d" />
    <TestEntry testId="30dea444-a87b-b8c4-e604-fe345cdce97a" executionId="0b822ea2-e9cd-4fb4-a5f3-1ac409a48ca2" testListId="8c84fa94-04c1-424b-9868-57a2d4851a1d" />
    <TestEntry testId="3dde7b96-3229-1cd6-936e-026668206a62" executionId="30e53a30-b117-47a6-bed1-685058d9709e" testListId="8c84fa94-04c1-424b-9868-57a2d4851a1d" />
    <TestEntry testId="b3bc1d7d-ee25-17e4-9398-889f30a0c966" executionId="d178badd-dbaf-430b-921f-f3ffda4403f5" testListId="8c84fa94-04c1-424b-9868-57a2d4851a1d" />
    <TestEntry testId="f7e8ce79-4ffa-6f2d-5bd2-9370aee7a4e8" executionId="a49d7fb3-8774-4faa-8b25-ac2c330288b1" testListId="8c84fa94-04c1-424b-9868-57a2d4851a1d" />
    <TestEntry testId="533ac739-363a-6947-2dcd-244b34834f9c" executionId="5ea0563f-8f1a-4321-92bf-bafcc0c15cb3" testListId="8c84fa94-04c1-424b-9868-57a2d4851a1d" />
    <TestEntry testId="41931a1d-5e8b-451a-8fea-fd8b268ce0a2" executionId="38d5fc52-1404-4f5b-9630-ce535d79ed31" testListId="8c84fa94-04c1-424b-9868-57a2d4851a1d" />
    <TestEntry testId="bb537843-738b-ac51-7dc0-42ca9e5880bc" executionId="574d0ab0-36b2-44cb-a106-5be9a6c8a424" testListId="8c84fa94-04c1-424b-9868-57a2d4851a1d" />
    <TestEntry testId="bf657c87-e2e7-8261-5cb1-56b547bae010" executionId="b0998451-457f-4951-89a9-4a86d072fb51" testListId="8c84fa94-04c1-424b-9868-57a2d4851a1d" />
  </TestEntries>
  <TestLists>
    <TestList name="Results Not in a List" id="8c84fa94-04c1-424b-9868-57a2d4851a1d" />
    <TestList name="All Loaded Results" id="19431567-8539-422a-85d7-44ee4e166bda" />
  </TestLists>
  <ResultSummary outcome="Completed">
    <Counters total="27" executed="27" passed="27" failed="0" error="0" timeout="0" aborted="0" inconclusive="0" passedButRunAborted="0" notRunnable="0" notExecuted="0" disconnected="0" warning="0" completed="0" inProgress="0" pending="0" />
    <Output>
      <StdOut>[xUnit.net 00:00:00.00] xUnit.net VSTest Adapter v2.4.5+1caef2f33e (64-bit .NET 10.0.12)
[xUnit.net 00:00:00.83]   Discovering: EMF.Tests
[xUnit.net 00:00:01.04]   Discovered:  EMF.Tests
[xUnit.net 00:00:01.05]   Starting:    EMF.Tests
[xUnit.net 00:00:08.90]   Finished:    EMF.Tests
</StdOut>
    </Output>
  </ResultSummary>
</TestRun>